startup_lpc845.c:242:6:data_init	8	static
startup_lpc845.c:251:6:bss_init	0	static
startup_lpc845.c:276:6:ResetISR	8	static
startup_lpc845.c:361:14:NMI_Handler	0	static
startup_lpc845.c:365:14:HardFault_Handler	0	static
startup_lpc845.c:369:14:SVC_Handler	0	static
startup_lpc845.c:373:14:PendSV_Handler	0	static
startup_lpc845.c:377:14:SysTick_Handler	0	static
startup_lpc845.c:385:14:IntDefaultHandler	0	static
startup_lpc845.c:395:14:SPI0_IRQHandler	8	static
startup_lpc845.c:399:14:SPI1_IRQHandler	8	static
startup_lpc845.c:403:14:DAC0_IRQHandler	8	static
startup_lpc845.c:407:14:USART0_IRQHandler	8	static
startup_lpc845.c:411:14:USART1_IRQHandler	8	static
startup_lpc845.c:415:14:USART2_IRQHandler	8	static
startup_lpc845.c:419:14:Reserved22_IRQHandler	8	static
startup_lpc845.c:423:14:I2C1_IRQHandler	8	static
startup_lpc845.c:427:14:I2C0_IRQHandler	8	static
startup_lpc845.c:431:14:SCT0_IRQHandler	8	static
startup_lpc845.c:435:14:MRT0_IRQHandler	8	static
startup_lpc845.c:439:14:CMP_CAPT_IRQHandler	8	static
startup_lpc845.c:443:14:WDT_IRQHandler	8	static
startup_lpc845.c:447:14:BOD_IRQHandler	8	static
startup_lpc845.c:451:14:FLASH_IRQHandler	8	static
startup_lpc845.c:455:14:WKT_IRQHandler	8	static
startup_lpc845.c:459:14:ADC0_SEQA_IRQHandler	8	static
startup_lpc845.c:463:14:ADC0_SEQB_IRQHandler	8	static
startup_lpc845.c:467:14:ADC0_THCMP_IRQHandler	8	static
startup_lpc845.c:471:14:ADC0_OVR_IRQHandler	8	static
startup_lpc845.c:475:14:DMA0_IRQHandler	8	static
startup_lpc845.c:479:14:I2C2_IRQHandler	8	static
startup_lpc845.c:483:14:I2C3_IRQHandler	8	static
startup_lpc845.c:487:14:CTIMER0_IRQHandler	8	static
startup_lpc845.c:491:14:PIN_INT0_IRQHandler	8	static
startup_lpc845.c:495:14:PIN_INT1_IRQHandler	8	static
startup_lpc845.c:499:14:PIN_INT2_IRQHandler	8	static
startup_lpc845.c:503:14:PIN_INT3_IRQHandler	8	static
startup_lpc845.c:507:14:PIN_INT4_IRQHandler	8	static
startup_lpc845.c:511:14:PIN_INT5_DAC1_IRQHandler	8	static
startup_lpc845.c:515:14:PIN_INT6_USART3_IRQHandler	8	static
startup_lpc845.c:519:14:PIN_INT7_USART4_IRQHandler	8	static
