Archive member included to satisfy reference by file (symbol)

c:/nxp/mcuxpressoide_11.1.1_3241/ide/plugins/com.nxp.mcuxpresso.tools.win32_11.1.0.202001081728/tools/bin/../lib/gcc/arm-none-eabi/8.3.1/../../../../arm-none-eabi/lib/thumb/v6-m/nofp\libcr_semihost_nf.a(_cr__main.o)
                              ./startup/startup_lpc845.o (__main)
c:/nxp/mcuxpressoide_11.1.1_3241/ide/plugins/com.nxp.mcuxpresso.tools.win32_11.1.0.202001081728/tools/bin/../lib/gcc/arm-none-eabi/8.3.1/../../../../arm-none-eabi/lib/thumb/v6-m/nofp\libcr_c.a(memset.o)
                              ./drivers/fsl_usart.o (memset)
c:/nxp/mcuxpressoide_11.1.1_3241/ide/plugins/com.nxp.mcuxpresso.tools.win32_11.1.0.202001081728/tools/bin/../lib/gcc/arm-none-eabi/8.3.1/../../../../arm-none-eabi/lib/thumb/v6-m/nofp\libcr_c.a(alloc.o)
                              ./drivers/fsl_common.o (malloc)
c:/nxp/mcuxpressoide_11.1.1_3241/ide/plugins/com.nxp.mcuxpresso.tools.win32_11.1.0.202001081728/tools/bin/../lib/gcc/arm-none-eabi/8.3.1/../../../../arm-none-eabi/lib/thumb/v6-m/nofp\libcr_c.a(initio.o)
                              c:/nxp/mcuxpressoide_11.1.1_3241/ide/plugins/com.nxp.mcuxpresso.tools.win32_11.1.0.202001081728/tools/bin/../lib/gcc/arm-none-eabi/8.3.1/../../../../arm-none-eabi/lib/thumb/v6-m/nofp\libcr_semihost_nf.a(_cr__main.o) (_initio)
c:/nxp/mcuxpressoide_11.1.1_3241/ide/plugins/com.nxp.mcuxpresso.tools.win32_11.1.0.202001081728/tools/bin/../lib/gcc/arm-none-eabi/8.3.1/../../../../arm-none-eabi/lib/thumb/v6-m/nofp\libcr_c.a(printf.o)
                              ./utilities/fsl_assert.o (_printf)
c:/nxp/mcuxpressoide_11.1.1_3241/ide/plugins/com.nxp.mcuxpresso.tools.win32_11.1.0.202001081728/tools/bin/../lib/gcc/arm-none-eabi/8.3.1/../../../../arm-none-eabi/lib/thumb/v6-m/nofp\libcr_c.a(setvbuf.o)
                              c:/nxp/mcuxpressoide_11.1.1_3241/ide/plugins/com.nxp.mcuxpresso.tools.win32_11.1.0.202001081728/tools/bin/../lib/gcc/arm-none-eabi/8.3.1/../../../../arm-none-eabi/lib/thumb/v6-m/nofp\libcr_c.a(initio.o) (setvbuf)
c:/nxp/mcuxpressoide_11.1.1_3241/ide/plugins/com.nxp.mcuxpresso.tools.win32_11.1.0.202001081728/tools/bin/../lib/gcc/arm-none-eabi/8.3.1/../../../../arm-none-eabi/lib/thumb/v6-m/nofp\libcr_c.a(strlen.o)
                              c:/nxp/mcuxpressoide_11.1.1_3241/ide/plugins/com.nxp.mcuxpresso.tools.win32_11.1.0.202001081728/tools/bin/../lib/gcc/arm-none-eabi/8.3.1/../../../../arm-none-eabi/lib/thumb/v6-m/nofp\libcr_c.a(printf.o) (strlen)
c:/nxp/mcuxpressoide_11.1.1_3241/ide/plugins/com.nxp.mcuxpresso.tools.win32_11.1.0.202001081728/tools/bin/../lib/gcc/arm-none-eabi/8.3.1/../../../../arm-none-eabi/lib/thumb/v6-m/nofp\libcr_c.a(memcpy.o)
                              c:/nxp/mcuxpressoide_11.1.1_3241/ide/plugins/com.nxp.mcuxpresso.tools.win32_11.1.0.202001081728/tools/bin/../lib/gcc/arm-none-eabi/8.3.1/../../../../arm-none-eabi/lib/thumb/v6-m/nofp\libcr_c.a(alloc.o) (memcpy)
c:/nxp/mcuxpressoide_11.1.1_3241/ide/plugins/com.nxp.mcuxpresso.tools.win32_11.1.0.202001081728/tools/bin/../lib/gcc/arm-none-eabi/8.3.1/../../../../arm-none-eabi/lib/thumb/v6-m/nofp\libcr_c.a(__init_alloc.o)
                              c:/nxp/mcuxpressoide_11.1.1_3241/ide/plugins/com.nxp.mcuxpresso.tools.win32_11.1.0.202001081728/tools/bin/../lib/gcc/arm-none-eabi/8.3.1/../../../../arm-none-eabi/lib/thumb/v6-m/nofp\libcr_c.a(alloc.o) (__heaps)
c:/nxp/mcuxpressoide_11.1.1_3241/ide/plugins/com.nxp.mcuxpresso.tools.win32_11.1.0.202001081728/tools/bin/../lib/gcc/arm-none-eabi/8.3.1/../../../../arm-none-eabi/lib/thumb/v6-m/nofp\libcr_c.a(_cr_sbrk.o)
                              c:/nxp/mcuxpressoide_11.1.1_3241/ide/plugins/com.nxp.mcuxpresso.tools.win32_11.1.0.202001081728/tools/bin/../lib/gcc/arm-none-eabi/8.3.1/../../../../arm-none-eabi/lib/thumb/v6-m/nofp\libcr_c.a(alloc.o) (_sbrk)
c:/nxp/mcuxpressoide_11.1.1_3241/ide/plugins/com.nxp.mcuxpresso.tools.win32_11.1.0.202001081728/tools/bin/../lib/gcc/arm-none-eabi/8.3.1/../../../../arm-none-eabi/lib/thumb/v6-m/nofp\libcr_c.a(_deferredlazyseek.o)
                              c:/nxp/mcuxpressoide_11.1.1_3241/ide/plugins/com.nxp.mcuxpresso.tools.win32_11.1.0.202001081728/tools/bin/../lib/gcc/arm-none-eabi/8.3.1/../../../../arm-none-eabi/lib/thumb/v6-m/nofp\libcr_c.a(printf.o) (__flsbuf)
c:/nxp/mcuxpressoide_11.1.1_3241/ide/plugins/com.nxp.mcuxpresso.tools.win32_11.1.0.202001081728/tools/bin/../lib/gcc/arm-none-eabi/8.3.1/../../../../arm-none-eabi/lib/thumb/v6-m/nofp\libcr_c.a(_fdopen.o)
                              c:/nxp/mcuxpressoide_11.1.1_3241/ide/plugins/com.nxp.mcuxpresso.tools.win32_11.1.0.202001081728/tools/bin/../lib/gcc/arm-none-eabi/8.3.1/../../../../arm-none-eabi/lib/thumb/v6-m/nofp\libcr_c.a(initio.o) (_fdopen)
c:/nxp/mcuxpressoide_11.1.1_3241/ide/plugins/com.nxp.mcuxpresso.tools.win32_11.1.0.202001081728/tools/bin/../lib/gcc/arm-none-eabi/8.3.1/../../../../arm-none-eabi/lib/thumb/v6-m/nofp\libcr_c.a(_fflush.o)
[...]
Memory Configuration

Name             Origin             Length             Attributes
PROGRAM_FLASH    0x00000000         0x00010000         xr
SRAM             0x10000000         0x00003fe0         xrw
IAP_SRAM         0x10003fe0         0x00000020         xrw
*default*        0x00000000         0xffffffff

Linker script and memory map

LOAD ./utilities/fsl_assert.o
LOAD ./utilities/fsl_debug_console.o
LOAD ./startup/startup_lpc845.o
LOAD ./source/gpio_led_output.o
LOAD ./source/mtb.o
LOAD ./source/semihost_hardfault.o
LOAD ./drivers/fsl_clock.o
LOAD ./drivers/fsl_common.o
LOAD ./drivers/fsl_gpio.o
LOAD ./drivers/fsl_inputmux.o
LOAD ./drivers/fsl_power.o
LOAD ./drivers/fsl_reset.o
LOAD ./drivers/fsl_swm.o
LOAD ./drivers/fsl_syscon.o
LOAD ./drivers/fsl_usart.o
LOAD ./device/system_LPC845.o
LOAD ./component/uart/miniusart_adapter.o
LOAD ./board/board.o
LOAD ./board/clock_config.o
LOAD ./board/pin_mux.o
START GROUP
LOAD c:/nxp/mcuxpressoide_11.1.1_3241/ide/plugins/com.nxp.mcuxpresso.tools.win32_11.1.0.202001081728/tools/bin/../lib/gcc/arm-none-eabi/8.3.1/../../../../arm-none-eabi/lib/thumb/v6-m/nofp\libcr_semihost_nf.a
LOAD c:/nxp/mcuxpressoide_11.1.1_3241/ide/plugins/com.nxp.mcuxpresso.tools.win32_11.1.0.202001081728/tools/bin/../lib/gcc/arm-none-eabi/8.3.1/../../../../arm-none-eabi/lib/thumb/v6-m/nofp\libcr_c.a
LOAD c:/nxp/mcuxpressoide_11.1.1_3241/ide/plugins/com.nxp.mcuxpresso.tools.win32_11.1.0.202001081728/tools/bin/../lib/gcc/arm-none-eabi/8.3.1/thumb/v6-m/nofp\libcr_eabihelpers.a
LOAD c:/nxp/mcuxpressoide_11.1.1_3241/ide/plugins/com.nxp.mcuxpresso.tools.win32_11.1.0.202001081728/tools/bin/../lib/gcc/arm-none-eabi/8.3.1/thumb/v6-m/nofp\libgcc.a
END GROUP
                0x00000000                __base_PROGRAM_FLASH = 0x0
                0x00000000                __base_Flash = 0x0
                0x00010000                __top_PROGRAM_FLASH = 0x10000
                0x00010000                __top_Flash = 0x10000
                0x10000000                __base_SRAM = 0x10000000
                0x10000000                __base_RAM = 0x10000000
                0x10003fe0                __top_SRAM = 0x10003fe0
                0x10003fe0                __top_RAM = 0x10003fe0
                0x10003fe0                __base_IAP_SRAM = 0x10003fe0
                0x10003fe0                __base_RAM2 = 0x10003fe0
                0x10004000                __top_IAP_SRAM = 0x10004000
                0x10004000                __top_RAM2 = 0x10004000

.text           0x00000000     0x26c4
 FILL mask 0xff
                0x00000000                __vectors_start__ = ABSOLUTE (.)
 *(SORT_BY_ALIGNMENT(.isr_vector))
 .isr_vector    0x00000000       0xc0 ./startup/startup_lpc845.o
                0x00000000                g_pfnVectors
                0x00000000                __Vectors
                0x000000c0                . = ALIGN (0x4)
                0x000000c0                __section_table_start = .
                0x000000c0                __data_section_table = .
                0x000000c0        0x4 LONG 0x26c4 LOADADDR (.data)
                0x000000c4        0x4 LONG 0x10000080 ADDR (.data)
                0x000000c8        0x4 LONG 0x4 SIZEOF (.data)
                0x000000cc        0x4 LONG 0x26c4 LOADADDR (.data_RAM2)
                0x000000d0        0x4 LONG 0x10003fe0 ADDR (.data_RAM2)
                0x000000d4        0x4 LONG 0x0 SIZEOF (.data_RAM2)
                0x000000d8                __data_section_table_end = .
                0x000000d8                __bss_section_table = .
                0x000000d8        0x4 LONG 0x10000084 ADDR (.bss)
                0x000000dc        0x4 LONG 0xdc SIZEOF (.bss)
                0x000000e0        0x4 LONG 0x10003fe0 ADDR (.bss_RAM2)
                0x000000e4        0x4 LONG 0x0 SIZEOF (.bss_RAM2)
                0x000000e8                __bss_section_table_end = .
                0x000000e8                __section_table_end = .
 *(SORT_BY_ALIGNMENT(.after_vectors*))
 .after_vectors.reset
                0x000000e8       0x58 ./startup/startup_lpc845.o
                0x000000e8                ResetISR
 .after_vectors.init_data
                0x00000140       0x12 ./startup/startup_lpc845.o
                0x00000140                data_init
 .after_vectors.init_bss
                0x00000152       0x10 ./startup/startup_lpc845.o
                0x00000152                bss_init
 .after_vectors
                0x00000162      0x10c ./startup/startup_lpc845.o
                0x00000162                NMI_Handler
                0x00000166                SVC_Handler
                0x00000168                PendSV_Handler
                0x0000016c                BOD_DriverIRQHandler
                0x0000016c                SPI1_DriverIRQHandler
                0x0000016c                I2C0_DriverIRQHandler
                0x0000016c                SCT0_DriverIRQHandler
                0x0000016c                DMA0_DriverIRQHandler
                0x0000016c                ADC0_OVR_DriverIRQHandler
                0x0000016c                I2C1_DriverIRQHandler
                0x0000016c                I2C3_DriverIRQHandler
                0x0000016c                PIN_INT1_DriverIRQHandler
                0x0000016c                PIN_INT3_DriverIRQHandler
                0x0000016c                PIN_INT5_DAC1_DriverIRQHandler
                0x0000016c                PIN_INT2_DriverIRQHandler
                0x0000016c                WDT_DriverIRQHandler
                0x0000016c                I2C2_DriverIRQHandler
                0x0000016c                PIN_INT0_DriverIRQHandler
                0x0000016c                CTIMER0_DriverIRQHandler
                0x0000016c                ADC0_SEQB_DriverIRQHandler
                0x0000016c                IntDefaultHandler
                0x0000016c                FLASH_DriverIRQHandler
                0x0000016c                WKT_DriverIRQHandler
                0x0000016c                DAC0_DriverIRQHandler
                0x0000016c                MRT0_DriverIRQHandler
                0x0000016c                PIN_INT4_DriverIRQHandler
                0x0000016c                SPI0_DriverIRQHandler
                0x0000016c                CMP_CAPT_DriverIRQHandler
                0x0000016c                ADC0_THCMP_DriverIRQHandler
                0x0000016c                ADC0_SEQA_DriverIRQHandler
                0x0000016c                Reserved22_DriverIRQHandler
                0x0000016e                SPI0_IRQHandler
                0x00000176                SPI1_IRQHandler
                0x0000017e                DAC0_IRQHandler
                0x00000186                USART0_IRQHandler
                0x0000018e                USART1_IRQHandler
                0x00000196                USART2_IRQHandler
                0x0000019e                Reserved22_IRQHandler
                0x000001a6                I2C1_IRQHandler
                0x000001ae                I2C0_IRQHandler
                0x000001b6                SCT0_IRQHandler
                0x000001be                MRT0_IRQHandler
                0x000001c6                CMP_CAPT_IRQHandler
                0x000001ce                WDT_IRQHandler
                0x000001d6                BOD_IRQHandler
                0x000001de                FLASH_IRQHandler
                0x000001e6                WKT_IRQHandler
                0x000001ee                ADC0_SEQA_IRQHandler
                0x000001f6                ADC0_SEQB_IRQHandler
                0x000001fe                ADC0_THCMP_IRQHandler
                0x00000206                ADC0_OVR_IRQHandler
                0x0000020e                DMA0_IRQHandler
                0x00000216                I2C2_IRQHandler
                0x0000021e                I2C3_IRQHandler
                0x00000226                CTIMER0_IRQHandler
                0x0000022e                PIN_INT0_IRQHandler
                0x00000236                PIN_INT1_IRQHandler
                0x0000023e                PIN_INT2_IRQHandler
                0x00000246                PIN_INT3_IRQHandler
                0x0000024e                PIN_INT4_IRQHandler
                0x00000256                PIN_INT5_DAC1_IRQHandler
                0x0000025e                PIN_INT6_USART3_IRQHandler
                0x00000266                PIN_INT7_USART4_IRQHandler
 *(SORT_BY_ALIGNMENT(.text*))
 *fill*         0x0000026e        0x2 ff
 .text.__assertion_failed
                0x00000270       0x1c ./utilities/fsl_assert.o
                0x00000270                __assertion_failed
 .text.__NVIC_SetPriority
                0x0000028c       0xdc ./source/gpio_led_output.o
 .text.SysTick_Config
                0x00000368       0x48 ./source/gpio_led_output.o
 .text.CLOCK_Select
                0x000003b0       0x38 ./source/gpio_led_output.o
 .text.SysTick_Handler
                0x000003e8       0x20 ./source/gpio_led_output.o
                0x000003e8                SysTick_Handler
 .text.SysTick_DelayTicks
                0x00000408       0x24 ./source/gpio_led_output.o
                0x00000408                SysTick_DelayTicks
 .text.main     0x0000042c      0x140 ./source/gpio_led_output.o
                0x0000042c                main
 .text.HardFault_Handler
                0x0000056c       0x30 ./source/semihost_hardfault.o
                0x0000056c                HardFault_Handler
 .text.CLOCK_UpdateClkSrc
                0x0000059c       0x4c ./drivers/fsl_clock.o
 .text.CLOCK_SetMainClkSrc
                0x000005e8       0x9c ./drivers/fsl_clock.o
                0x000005e8                CLOCK_SetMainClkSrc
 .text.CLOCK_SetFroOutClkSrc
                0x00000684       0x48 ./drivers/fsl_clock.o
                0x00000684                CLOCK_SetFroOutClkSrc
 .text.CLOCK_EnableClock
                0x000006cc       0x54 ./drivers/fsl_gpio.o
 .text.GPIO_PortInit
                0x00000720       0x48 ./drivers/fsl_gpio.o
                0x00000720                GPIO_PortInit
 .text.RESET_SetPeripheralReset
                0x00000768       0x70 ./drivers/fsl_reset.o
 .text.RESET_ClearPeripheralReset
                0x000007d8       0x6c ./drivers/fsl_reset.o
 .text.SWM_SetMovablePinSelect
                0x00000844       0x98 ./drivers/fsl_swm.o
                0x00000844                SWM_SetMovablePinSelect
 .text.USART0_DriverIRQHandler
                0x000008dc       0x24 ./drivers/fsl_usart.o
                0x000008dc                USART0_DriverIRQHandler
 .text.USART1_DriverIRQHandler
                0x00000900       0x24 ./drivers/fsl_usart.o
                0x00000900                USART1_DriverIRQHandler
 .text.USART2_DriverIRQHandler
                0x00000924       0x24 ./drivers/fsl_usart.o
                0x00000924                USART2_DriverIRQHandler
 .text.PIN_INT6_USART3_DriverIRQHandler
                0x00000948       0x24 ./drivers/fsl_usart.o
                0x00000948                PIN_INT6_USART3_DriverIRQHandler
 .text.PIN_INT7_USART4_DriverIRQHandler
                0x0000096c       0x24 ./drivers/fsl_usart.o
                0x0000096c                PIN_INT7_USART4_DriverIRQHandler
 .text.SystemInit
                0x00000990       0x2c ./device/system_LPC845.o
                0x00000990                SystemInit
 .text.CLOCK_Select
                0x000009bc       0x38 ./board/clock_config.o
 .text.CLOCK_SetCoreSysClkDiv
                0x000009f4       0x3c ./board/clock_config.o
 .text.CLOCK_SetFroOscFreq
                0x00000a30       0x24 ./board/clock_config.o
 .text.POWER_DisablePD
                0x00000a54       0x2c ./board/clock_config.o
 .text.BOARD_BootClockFRO30M
                0x00000a80       0x58 ./board/clock_config.o
                0x00000a80                BOARD_BootClockFRO30M
 .text.CLOCK_EnableClock
                0x00000ad8       0x54 ./board/pin_mux.o
 .text.CLOCK_DisableClock
                0x00000b2c       0x58 ./board/pin_mux.o
 .text.BOARD_InitPins
                0x00000b84       0x80 ./board/pin_mux.o
                0x00000b84                BOARD_InitPins
 .text.malloc   0x00000c04       0xcc c:/nxp/mcuxpressoide_11.1.1_3241/ide/plugins/com.nxp.mcuxpresso.tools.win32_11.1.0.202001081728/tools/bin/../lib/gcc/arm-none-eabi/8.3.1/../../../../arm-none-eabi/lib/thumb/v6-m/nofp\libcr_c.a(alloc.o)
                0x00000c04                malloc
 .text._Csys_alloc
                0x00000cd0       0x20 c:/nxp/mcuxpressoide_11.1.1_3241/ide/plugins/com.nxp.mcuxpresso.tools.win32_11.1.0.202001081728/tools/bin/../lib/gcc/arm-none-eabi/8.3.1/../../../../arm-none-eabi/lib/thumb/v6-m/nofp\libcr_c.a(alloc.o)
                0x00000cd0                _Csys_alloc
 .text._initio  0x00000cf0       0x7c c:/nxp/mcuxpressoide_11.1.1_3241/ide/plugins/com.nxp.mcuxpresso.tools.win32_11.1.0.202001081728/tools/bin/../lib/gcc/arm-none-eabi/8.3.1/../../../../arm-none-eabi/lib/thumb/v6-m/nofp\libcr_c.a(initio.o)
                0x00000cf0                _initio
 .text.__vfprintf
                0x00000d6c      0xcd8 c:/nxp/mcuxpressoide_11.1.1_3241/ide/plugins/com.nxp.mcuxpresso.tools.win32_11.1.0.202001081728/tools/bin/../lib/gcc/arm-none-eabi/8.3.1/../../../../arm-none-eabi/lib/thumb/v6-m/nofp\libcr_c.a(printf.o)
                0x00000d6c                __vfprintf
 .text._vsnprintf
                0x00001a44       0x70 c:/nxp/mcuxpressoide_11.1.1_3241/ide/plugins/com.nxp.mcuxpresso.tools.win32_11.1.0.202001081728/tools/bin/../lib/gcc/arm-none-eabi/8.3.1/../../../../arm-none-eabi/lib/thumb/v6-m/nofp\libcr_c.a(printf.o)
                0x00001a44                _vsnprintf
 .text._printf  0x00001ab4       0x50 c:/nxp/mcuxpressoide_11.1.1_3241/ide/plugins/com.nxp.mcuxpresso.tools.win32_11.1.0.202001081728/tools/bin/../lib/gcc/arm-none-eabi/8.3.1/../../../../arm-none-eabi/lib/thumb/v6-m/nofp\libcr_c.a(printf.o)
                0x00001ab4                _printf
 .text.setvbuf  0x00001b04       0x4c c:/nxp/mcuxpressoide_11.1.1_3241/ide/plugins/com.nxp.mcuxpresso.tools.win32_11.1.0.202001081728/tools/bin/../lib/gcc/arm-none-eabi/8.3.1/../../../../arm-none-eabi/lib/thumb/v6-m/nofp\libcr_c.a(setvbuf.o)
                0x00001b04                setvbuf
 .text.strlen   0x00001b50       0x58 c:/nxp/mcuxpressoide_11.1.1_3241/ide/plugins/com.nxp.mcuxpresso.tools.win32_11.1.0.202001081728/tools/bin/../lib/gcc/arm-none-eabi/8.3.1/../../../../arm-none-eabi/lib/thumb/v6-m/nofp\libcr_c.a(strlen.o)
                0x00001b50                strlen
 .text._sbrk    0x00001ba8       0x40 c:/nxp/mcuxpressoide_11.1.1_3241/ide/plugins/com.nxp.mcuxpresso.tools.win32_11.1.0.202001081728/tools/bin/../lib/gcc/arm-none-eabi/8.3.1/../../../../arm-none-eabi/lib/thumb/v6-m/nofp\libcr_c.a(_cr_sbrk.o)
                0x00001ba8                _sbrk
 .text._deferredlazyseek
                0x00001be8       0x40 c:/nxp/mcuxpressoide_11.1.1_3241/ide/plugins/com.nxp.mcuxpresso.tools.win32_11.1.0.202001081728/tools/bin/../lib/gcc/arm-none-eabi/8.3.1/../../../../arm-none-eabi/lib/thumb/v6-m/nofp\libcr_c.a(_deferredlazyseek.o)
                0x00001be8                _deferredlazyseek
 .text.__flsbuf
                0x00001c28      0x14c c:/nxp/mcuxpressoide_11.1.1_3241/ide/plugins/com.nxp.mcuxpresso.tools.win32_11.1.0.202001081728/tools/bin/../lib/gcc/arm-none-eabi/8.3.1/../../../../arm-none-eabi/lib/thumb/v6-m/nofp\libcr_c.a(_deferredlazyseek.o)
                0x00001c28                __flsbuf
 .text._fdopen  0x00001d74       0x74 c:/nxp/mcuxpressoide_11.1.1_3241/ide/plugins/com.nxp.mcuxpresso.tools.win32_11.1.0.202001081728/tools/bin/../lib/gcc/arm-none-eabi/8.3.1/../../../../arm-none-eabi/lib/thumb/v6-m/nofp\libcr_c.a(_fdopen.o)
                0x00001d74                _fdopen
 .text._fflush  0x00001de8       0x5c c:/nxp/mcuxpressoide_11.1.1_3241/ide/plugins/com.nxp.mcuxpresso.tools.win32_11.1.0.202001081728/tools/bin/../lib/gcc/arm-none-eabi/8.3.1/../../../../arm-none-eabi/lib/thumb/v6-m/nofp\libcr_c.a(_fflush.o)
                0x00001de8                _fflush
 .text._Cwritebuf
                0x00001e44       0x68 c:/nxp/mcuxpressoide_11.1.1_3241/ide/plugins/com.nxp.mcuxpresso.tools.win32_11.1.0.202001081728/tools/bin/../lib/gcc/arm-none-eabi/8.3.1/../../../../arm-none-eabi/lib/thumb/v6-m/nofp\libcr_c.a(_writebuf.o)
                0x00001e44                _Cwritebuf
 .text.fclose   0x00001eac       0x5c c:/nxp/mcuxpressoide_11.1.1_3241/ide/plugins/com.nxp.mcuxpresso.tools.win32_11.1.0.202001081728/tools/bin/../lib/gcc/arm-none-eabi/8.3.1/../../../../arm-none-eabi/lib/thumb/v6-m/nofp\libcr_c.a(fclose.o)
                0x00001eac                fclose
 .text.fflush   0x00001f08       0x44 c:/nxp/mcuxpressoide_11.1.1_3241/ide/plugins/com.nxp.mcuxpresso.tools.win32_11.1.0.202001081728/tools/bin/../lib/gcc/arm-none-eabi/8.3.1/../../../../arm-none-eabi/lib/thumb/v6-m/nofp\libcr_c.a(fflush.o)
                0x00001f08                fflush
 .text.fseek    0x00001f4c       0xf0 c:/nxp/mcuxpressoide_11.1.1_3241/ide/plugins/com.nxp.mcuxpresso.tools.win32_11.1.0.202001081728/tools/bin/../lib/gcc/arm-none-eabi/8.3.1/../../../../arm-none-eabi/lib/thumb/v6-m/nofp\libcr_c.a(fseek.o)
                0x00001f4c                fseek
 .text.ftell    0x0000203c       0x48 c:/nxp/mcuxpressoide_11.1.1_3241/ide/plugins/com.nxp.mcuxpresso.tools.win32_11.1.0.202001081728/tools/bin/../lib/gcc/arm-none-eabi/8.3.1/../../../../arm-none-eabi/lib/thumb/v6-m/nofp\libcr_c.a(ftell.o)
                0x0000203c                ftell
 .text.__check_heap_overflow
                0x00002084       0x14 c:/nxp/mcuxpressoide_11.1.1_3241/ide/plugins/com.nxp.mcuxpresso.tools.win32_11.1.0.202001081728/tools/bin/../lib/gcc/arm-none-eabi/8.3.1/../../../../arm-none-eabi/lib/thumb/v6-m/nofp\libcr_c.a(_cr_check_heap.o)
                0x00002084                __check_heap_overflow
 .text._do_fflush
                0x00002098       0x44 c:/nxp/mcuxpressoide_11.1.1_3241/ide/plugins/com.nxp.mcuxpresso.tools.win32_11.1.0.202001081728/tools/bin/../lib/gcc/arm-none-eabi/8.3.1/../../../../arm-none-eabi/lib/thumb/v6-m/nofp\libcr_c.a(_do_fflush.o)
                0x00002098                _do_fflush
 .text.__sys_appexit
                0x000020dc        0xc c:/nxp/mcuxpressoide_11.1.1_3241/ide/plugins/com.nxp.mcuxpresso.tools.win32_11.1.0.202001081728/tools/bin/../lib/gcc/arm-none-eabi/8.3.1/../../../../arm-none-eabi/lib/thumb/v6-m/nofp\libcr_semihost_nf.a(__sys_appexit.o)
                0x000020dc                __sys_appexit
                0x000020dc                __exit
 .text.GPIO_PinWrite
                0x000020e8       0x2c ./source/gpio_led_output.o
 .text.GPIO_PortToggle
                0x00002114       0x26 ./source/gpio_led_output.o
 .text.GPIO_PortRead
                0x0000213a       0x22 ./source/gpio_led_output.o
 .text.GPIO_PortMaskedSet
                0x0000215c       0x26 ./source/gpio_led_output.o
 .text.GPIO_PortMaskedWrite
                0x00002182       0x26 ./source/gpio_led_output.o
 .text.GPIO_PortMaskedRead
                0x000021a8       0x22 ./source/gpio_led_output.o
 .text.GPIO_PinInit
                0x000021ca       0xb4 ./drivers/fsl_gpio.o
                0x000021ca                GPIO_PinInit
 .text.RESET_PeripheralReset
                0x0000227e       0x20 ./drivers/fsl_reset.o
                0x0000227e                RESET_PeripheralReset
 .text.SystemInitHook
                0x0000229e        0xa ./device/system_LPC845.o
                0x0000229e                SystemInitHook
 .text.BOARD_InitDebugConsole
                0x000022a8        0xc ./board/board.o
                0x000022a8                BOARD_InitDebugConsole
 .text.IOCON_PinMuxSet
                0x000022b4       0x26 ./board/pin_mux.o
 .text.__main   0x000022da        0xc c:/nxp/mcuxpressoide_11.1.1_3241/ide/plugins/com.nxp.mcuxpresso.tools.win32_11.1.0.202001081728/tools/bin/../lib/gcc/arm-none-eabi/8.3.1/../../../../arm-none-eabi/lib/thumb/v6-m/nofp\libcr_semihost_nf.a(_cr__main.o)
                0x000022da                __CR_SEMIHOST
                0x000022da                __main
 .text.memset   0x000022e6        0x8 c:/nxp/mcuxpressoide_11.1.1_3241/ide/plugins/com.nxp.mcuxpresso.tools.win32_11.1.0.202001081728/tools/bin/../lib/gcc/arm-none-eabi/8.3.1/../../../../arm-none-eabi/lib/thumb/v6-m/nofp\libcr_c.a(memset.o)
                0x000022e6                memset
 .text.free     0x000022ee       0x2c c:/nxp/mcuxpressoide_11.1.1_3241/ide/plugins/com.nxp.mcuxpresso.tools.win32_11.1.0.202001081728/tools/bin/../lib/gcc/arm-none-eabi/8.3.1/../../../../arm-none-eabi/lib/thumb/v6-m/nofp\libcr_c.a(alloc.o)
                0x000022ee                free
 .text.no_fp_display
                0x0000231a        0x4 c:/nxp/mcuxpressoide_11.1.1_3241/ide/plugins/com.nxp.mcuxpresso.tools.win32_11.1.0.202001081728/tools/bin/../lib/gcc/arm-none-eabi/8.3.1/../../../../arm-none-eabi/lib/thumb/v6-m/nofp\libcr_c.a(printf.o)
 .text.remove   0x0000231e       0x12 c:/nxp/mcuxpressoide_11.1.1_3241/ide/plugins/com.nxp.mcuxpresso.tools.win32_11.1.0.202001081728/tools/bin/../lib/gcc/arm-none-eabi/8.3.1/../../../../arm-none-eabi/lib/thumb/v6-m/nofp\libcr_c.a(remove.o)
                0x0000231e                remove
 .text.__aeabi_division_idivmod
                0x00002330       0x78 c:/nxp/mcuxpressoide_11.1.1_3241/ide/plugins/com.nxp.mcuxpresso.tools.win32_11.1.0.202001081728/tools/bin/../lib/gcc/arm-none-eabi/8.3.1/thumb/v6-m/nofp\libcr_eabihelpers.a(division_32.o)
                0x00002330                __aeabi_idivmod
                0x00002330                __aeabi_idiv
                0x00002336                __aeabi_uidivmod
                0x00002336                __aeabi_uidiv
 .text.__aeabi_division_idiv0
                0x000023a8        0x2 c:/nxp/mcuxpressoide_11.1.1_3241/ide/plugins/com.nxp.mcuxpresso.tools.win32_11.1.0.202001081728/tools/bin/../lib/gcc/arm-none-eabi/8.3.1/thumb/v6-m/nofp\libcr_eabihelpers.a(division_idiv0.o)
                0x000023a8                __aeabi_idiv0
 .text.__aeabi_llong_lmul
                0x000023aa       0x2e c:/nxp/mcuxpressoide_11.1.1_3241/ide/plugins/com.nxp.mcuxpresso.tools.win32_11.1.0.202001081728/tools/bin/../lib/gcc/arm-none-eabi/8.3.1/thumb/v6-m/nofp\libcr_eabihelpers.a(llong.o)
                0x000023aa                __aeabi_lmul
 .text.__aeabi_memset_lowlevel
                0x000023d8       0x2a c:/nxp/mcuxpressoide_11.1.1_3241/ide/plugins/com.nxp.mcuxpresso.tools.win32_11.1.0.202001081728/tools/bin/../lib/gcc/arm-none-eabi/8.3.1/thumb/v6-m/nofp\libcr_eabihelpers.a(memcpy.o)
                0x000023d8                __aeabi_lowlevel_memset
 .text.__sys_close
                0x00002402        0xc c:/nxp/mcuxpressoide_11.1.1_3241/ide/plugins/com.nxp.mcuxpresso.tools.win32_11.1.0.202001081728/tools/bin/../lib/gcc/arm-none-eabi/8.3.1/../../../../arm-none-eabi/lib/thumb/v6-m/nofp\libcr_semihost_nf.a(__sys_close.o)
                0x00002402                __sys_close
 .text.__sys_flen
                0x0000240e        0xc c:/nxp/mcuxpressoide_11.1.1_3241/ide/plugins/com.nxp.mcuxpresso.tools.win32_11.1.0.202001081728/tools/bin/../lib/gcc/arm-none-eabi/8.3.1/../../../../arm-none-eabi/lib/thumb/v6-m/nofp\libcr_semihost_nf.a(__sys_flen.o)
                0x0000240e                __sys_flen
 .text.__sys_istty
                0x0000241a        0xc c:/nxp/mcuxpressoide_11.1.1_3241/ide/plugins/com.nxp.mcuxpresso.tools.win32_11.1.0.202001081728/tools/bin/../lib/gcc/arm-none-eabi/8.3.1/../../../../arm-none-eabi/lib/thumb/v6-m/nofp\libcr_semihost_nf.a(__sys_istty.o)
                0x0000241a                __sys_istty
 .text.__sys_remove
                0x00002426        0xc c:/nxp/mcuxpressoide_11.1.1_3241/ide/plugins/com.nxp.mcuxpresso.tools.win32_11.1.0.202001081728/tools/bin/../lib/gcc/arm-none-eabi/8.3.1/../../../../arm-none-eabi/lib/thumb/v6-m/nofp\libcr_semihost_nf.a(__sys_remove.o)
                0x00002426                __sys_remove
 .text.__sys_seek
                0x00002432        0xc c:/nxp/mcuxpressoide_11.1.1_3241/ide/plugins/com.nxp.mcuxpresso.tools.win32_11.1.0.202001081728/tools/bin/../lib/gcc/arm-none-eabi/8.3.1/../../../../arm-none-eabi/lib/thumb/v6-m/nofp\libcr_semihost_nf.a(__sys_seek.o)
                0x00002432                __sys_seek
 .text.__sys_tmpnam
                0x0000243e        0xc c:/nxp/mcuxpressoide_11.1.1_3241/ide/plugins/com.nxp.mcuxpresso.tools.win32_11.1.0.202001081728/tools/bin/../lib/gcc/arm-none-eabi/8.3.1/../../../../arm-none-eabi/lib/thumb/v6-m/nofp\libcr_semihost_nf.a(__sys_tmpnam.o)
                0x0000243e                __sys_tmpnam
 .text.__sys_write
                0x0000244a        0xc c:/nxp/mcuxpressoide_11.1.1_3241/ide/plugins/com.nxp.mcuxpresso.tools.win32_11.1.0.202001081728/tools/bin/../lib/gcc/arm-none-eabi/8.3.1/../../../../arm-none-eabi/lib/thumb/v6-m/nofp\libcr_semihost_nf.a(__sys_write.o)
                0x0000244a                __sys_write
 *(SORT_BY_ALIGNMENT(.rodata) SORT_BY_ALIGNMENT(.rodata.*) SORT_BY_ALIGNMENT(.constdata) SORT_BY_ALIGNMENT(.constdata.*))
 *fill*         0x00002456        0x2 ff
 .rodata.__assertion_failed.str1.4
                0x00002458       0x14 ./utilities/fsl_assert.o
 .rodata.main.str1.4
                0x0000246c       0x90 ./source/gpio_led_output.o
 .rodata.CLOCK_UpdateClkSrc.str1.4
                0x000024fc       0x18 ./drivers/fsl_clock.o
 .rodata.s_gpioClockName
                0x00002514        0x4 ./drivers/fsl_gpio.o
 .rodata.s_gpioResets
                0x00002518        0x8 ./drivers/fsl_gpio.o
 .rodata.GPIO_PortInit.str1.4
                0x00002520       0x34 ./drivers/fsl_gpio.o
 .rodata.RESET_SetPeripheralReset.str1.4
                0x00002554       0x20 ./drivers/fsl_reset.o
 .rodata.RESET_ClearPeripheralReset.str1.4
                0x00002574       0x20 ./drivers/fsl_reset.o
 .rodata.SWM_SetMovablePinSelect.str1.4
                0x00002594       0x4e ./drivers/fsl_swm.o
 *fill*         0x000025e2        0x2 ff
 .rodata.CLOCK_SetCoreSysClkDiv.str1.4
                0x000025e4       0x88 ./board/clock_config.o
                                 0x87 (size before relaxing)
 .rodata.__num_Ciob_streams
                0x0000266c        0x4 c:/nxp/mcuxpressoide_11.1.1_3241/ide/plugins/com.nxp.mcuxpresso.tools.win32_11.1.0.202001081728/tools/bin/../lib/gcc/arm-none-eabi/8.3.1/../../../../arm-none-eabi/lib/thumb/v6-m/nofp\libcr_semihost_nf.a(__ciob.o)
                0x0000266c                __num_Ciob_streams
 .rodata._Csys_alloc.str1.1
                0x00002670       0x18 c:/nxp/mcuxpressoide_11.1.1_3241/ide/plugins/com.nxp.mcuxpresso.tools.win32_11.1.0.202001081728/tools/bin/../lib/gcc/arm-none-eabi/8.3.1/../../../../arm-none-eabi/lib/thumb/v6-m/nofp\libcr_c.a(alloc.o)
 .rodata._initio.str1.1
                0x00002688        0x4 c:/nxp/mcuxpressoide_11.1.1_3241/ide/plugins/com.nxp.mcuxpresso.tools.win32_11.1.0.202001081728/tools/bin/../lib/gcc/arm-none-eabi/8.3.1/../../../../arm-none-eabi/lib/thumb/v6-m/nofp\libcr_c.a(initio.o)
 .rodata.__vfprintf.str1.1
                0x0000268c       0x37 c:/nxp/mcuxpressoide_11.1.1_3241/ide/plugins/com.nxp.mcuxpresso.tools.win32_11.1.0.202001081728/tools/bin/../lib/gcc/arm-none-eabi/8.3.1/../../../../arm-none-eabi/lib/thumb/v6-m/nofp\libcr_c.a(printf.o)
                                 0x38 (size before relaxing)
                0x000026c4                . = ALIGN (0x4)
 *fill*         0x000026c3        0x1 ff

.glue_7         0x000026c4        0x0
 .glue_7        0x000026c4        0x0 linker stubs

.glue_7t        0x000026c4        0x0
 .glue_7t       0x000026c4        0x0 linker stubs

.vfp11_veneer   0x000026c4        0x0
 .vfp11_veneer  0x000026c4        0x0 linker stubs

.v4_bx          0x000026c4        0x0
 .v4_bx         0x000026c4        0x0 linker stubs

.iplt           0x000026c4        0x0
 .iplt          0x000026c4        0x0 ./utilities/fsl_assert.o

.rel.dyn        0x000026c4        0x0
 .rel.iplt      0x000026c4        0x0 ./utilities/fsl_assert.o

.ARM.extab
 *(SORT_BY_ALIGNMENT(.ARM.extab*) SORT_BY_ALIGNMENT(.gnu.linkonce.armextab.*))

.ARM.exidx      0x000026c4        0x0
                0x000026c4                __exidx_start = .
 *(SORT_BY_ALIGNMENT(.ARM.exidx*) SORT_BY_ALIGNMENT(.gnu.linkonce.armexidx.*))
                0x000026c4                __exidx_end = .
                0x000026c4                _etext = .

.mtb_buffer_RAM2
 *(SORT_BY_ALIGNMENT(.mtb.$RAM2*))
 *(SORT_BY_ALIGNMENT(.mtb.$IAP_SRAM*))

.data_RAM2      0x10003fe0        0x0 load address 0x000026c4
 FILL mask 0xff
                [!provide]                PROVIDE (__start_data_RAM2 = .)
                [!provide]                PROVIDE (__start_data_IAP_SRAM = .)
 *(SORT_BY_ALIGNMENT(.ramfunc.$RAM2))
 *(SORT_BY_ALIGNMENT(.ramfunc.$IAP_SRAM))
 *(SORT_BY_ALIGNMENT(.data.$RAM2))
 *(SORT_BY_ALIGNMENT(.data.$IAP_SRAM))
 *(SORT_BY_ALIGNMENT(.data.$RAM2.*))
 *(SORT_BY_ALIGNMENT(.data.$IAP_SRAM.*))
                0x10003fe0                . = ALIGN (0x4)
                [!provide]                PROVIDE (__end_data_RAM2 = .)
                [!provide]                PROVIDE (__end_data_IAP_SRAM = .)

.mtb_buffer_default
                0x10000000       0x80
 *(SORT_BY_ALIGNMENT(.mtb*))
 .mtb.$RAM1     0x10000000       0x80 ./source/mtb.o
                0x10000000                __mtb_buffer__

.uninit_RESERVED
                0x10000080        0x0
                0x10000080                _start_uninit_RESERVED = .
 *(SORT_BY_ALIGNMENT(.bss.$RESERVED*))
                0x10000080                . = ALIGN (0x4)
                0x10000080                _end_uninit_RESERVED = .

.data           0x10000080        0x4 load address 0x000026c4
 FILL mask 0xff
                0x10000080                _data = .
                [!provide]                PROVIDE (__start_data_RAM = .)
                [!provide]                PROVIDE (__start_data_SRAM = .)
 *(SORT_BY_ALIGNMENT(vtable))
 *(SORT_BY_ALIGNMENT(.ramfunc*))
 *(SORT_BY_ALIGNMENT(CodeQuickAccess))
 *(SORT_BY_ALIGNMENT(DataQuickAccess))
 *(SORT_BY_ALIGNMENT(RamFunction))
 *(SORT_BY_ALIGNMENT(.data*))
 .data.SystemCoreClock
                0x10000080        0x4 ./device/system_LPC845.o
                0x10000080                SystemCoreClock
                0x10000084                . = ALIGN (0x4)
                0x10000084                _edata = .
                [!provide]                PROVIDE (__end_data_RAM = .)
                [!provide]                PROVIDE (__end_data_SRAM = .)

.igot.plt       0x10000084        0x0 load address 0x000026c8
 .igot.plt      0x10000084        0x0 ./utilities/fsl_assert.o

.bss_RAM2       0x10003fe0        0x0
                [!provide]                PROVIDE (__start_bss_RAM2 = .)
                [!provide]                PROVIDE (__start_bss_IAP_SRAM = .)
 *(SORT_BY_ALIGNMENT(.bss.$RAM2))
 *(SORT_BY_ALIGNMENT(.bss.$IAP_SRAM))
 *(SORT_BY_ALIGNMENT(.bss.$RAM2.*))
 *(SORT_BY_ALIGNMENT(.bss.$IAP_SRAM.*))
                0x10003fe0                . = ALIGN ((. != 0x0)?0x4:0x1)
                [!provide]                PROVIDE (__end_bss_RAM2 = .)
                [!provide]                PROVIDE (__end_bss_IAP_SRAM = .)

.bss            0x10000084       0xdc
                0x10000084                _bss = .
                [!provide]                PROVIDE (__start_bss_RAM = .)
                [!provide]                PROVIDE (__start_bss_SRAM = .)
 *(SORT_BY_ALIGNMENT(.bss*))
 .bss.g_systickCounter
                0x10000084        0x4 ./source/gpio_led_output.o
                0x10000084                g_systickCounter
 .bss.s_usartHandle
                0x10000088       0x14 ./drivers/fsl_usart.o
 .bss.s_usartIsr
                0x1000009c        0x4 ./drivers/fsl_usart.o
 .bss.__end_of_heap
                0x100000a0        0x4 c:/nxp/mcuxpressoide_11.1.1_3241/ide/plugins/com.nxp.mcuxpresso.tools.win32_11.1.0.202001081728/tools/bin/../lib/gcc/arm-none-eabi/8.3.1/../../../../arm-none-eabi/lib/thumb/v6-m/nofp\libcr_c.a(__init_alloc.o)
                0x100000a0                __end_of_heap
 .bss.__heaps   0x100000a4        0x4 c:/nxp/mcuxpressoide_11.1.1_3241/ide/plugins/com.nxp.mcuxpresso.tools.win32_11.1.0.202001081728/tools/bin/../lib/gcc/arm-none-eabi/8.3.1/../../../../arm-none-eabi/lib/thumb/v6-m/nofp\libcr_c.a(__init_alloc.o)
                0x100000a4                __heaps
 .bss.errno     0x100000a8        0x4 c:/nxp/mcuxpressoide_11.1.1_3241/ide/plugins/com.nxp.mcuxpresso.tools.win32_11.1.0.202001081728/tools/bin/../lib/gcc/arm-none-eabi/8.3.1/../../../../arm-none-eabi/lib/thumb/v6-m/nofp\libcr_c.a(errno.o)
                0x100000a8                errno
 .bss.__Ciob    0x100000ac       0xb4 c:/nxp/mcuxpressoide_11.1.1_3241/ide/plugins/com.nxp.mcuxpresso.tools.win32_11.1.0.202001081728/tools/bin/../lib/gcc/arm-none-eabi/8.3.1/../../../../arm-none-eabi/lib/thumb/v6-m/nofp\libcr_semihost_nf.a(__ciob.o)
                0x100000ac                __Ciob
 *(SORT_BY_ALIGNMENT(COMMON))
                0x10000160                . = ALIGN (0x4)
                0x10000160                _ebss = .
                [!provide]                PROVIDE (__end_bss_RAM = .)
                [!provide]                PROVIDE (__end_bss_SRAM = .)
                [!provide]                PROVIDE (end = .)

.noinit_RAM2    0x10003fe0        0x0
                [!provide]                PROVIDE (__start_noinit_RAM2 = .)
                [!provide]                PROVIDE (__start_noinit_IAP_SRAM = .)
 *(SORT_BY_ALIGNMENT(.noinit.$RAM2))
 *(SORT_BY_ALIGNMENT(.noinit.$IAP_SRAM))
 *(SORT_BY_ALIGNMENT(.noinit.$RAM2.*))
 *(SORT_BY_ALIGNMENT(.noinit.$IAP_SRAM.*))
                0x10003fe0                . = ALIGN (0x4)
                [!provide]                PROVIDE (__end_noinit_RAM2 = .)
                [!provide]                PROVIDE (__end_noinit_IAP_SRAM = .)

.noinit         0x10000160        0x0
                0x10000160                _noinit = .
                [!provide]                PROVIDE (__start_noinit_RAM = .)
                [!provide]                PROVIDE (__start_noinit_SRAM = .)
 *(SORT_BY_ALIGNMENT(.noinit*))
                0x10000160                . = ALIGN (0x4)
                0x10000160                _end_noinit = .
                [!provide]                PROVIDE (__end_noinit_RAM = .)
                [!provide]                PROVIDE (__end_noinit_SRAM = .)
                0x000003f8                _HeapSize = 0x3f8

.heap           0x10000160      0x3f8
                0x10000160                _pvHeapStart = .
                0x10000558                . = (. + _HeapSize)
 *fill*         0x10000160      0x3f8 
                0x10000558                . = ALIGN (0x4)
                0x10000558                _pvHeapLimit = .
                0x000003f8                _StackSize = 0x3f8

.heap2stackfill
                0x10000558      0x3f8
                0x10000950                . = (. + _StackSize)
 *fill*         0x10000558      0x3f8 

.stack          0x10003be8        0x0
                0x10003be8                _vStackBase = .
                0x10003be8                . = ALIGN (0x4)
                0x10003fe0                _vStackTop = (. + _StackSize)
                0xefffb867                PROVIDE (__valid_user_code_checksum = (0x0 - (((_vStackTop + (ResetISR + 0x1)) + (DEFINED (NMI_Handler)?NMI_Handler:M0_NMI_Handler + 0x1)) + (DEFINED (HardFault_Handler)?HardFault_Handler:M0_HardFault_Handler + 0x1))))
                0x00000000                _image_start = LOADADDR (.text)
                0x000026c8                _image_end = (LOADADDR (.data) + SIZEOF (.data))
                0x000026c8                _image_size = (_image_end - _image_start)
OUTPUT(lpcxpresso845max_gpio_led_output.axf elf32-littlearm)

.debug_info     0x00000000     0x8a99
 .debug_info    0x00000000      0x221 ./utilities/fsl_assert.o
 .debug_info    0x00000221      0x47e ./startup/startup_lpc845.o
 .debug_info    0x0000069f     0x1339 ./source/gpio_led_output.o
 .debug_info    0x000019d8       0x53 ./source/mtb.o
 .debug_info    0x00001a2b       0x3c ./source/semihost_hardfault.o
 .debug_info    0x00001a67     0x1188 ./drivers/fsl_clock.o
 .debug_info    0x00002bef      0xd4f ./drivers/fsl_gpio.o
 .debug_info    0x0000393e      0x780 ./drivers/fsl_reset.o
 .debug_info    0x000040be      0x772 ./drivers/fsl_swm.o
 .debug_info    0x00004830     0x1b24 ./drivers/fsl_usart.o
 .debug_info    0x00006354      0x6e8 ./device/system_LPC845.o
 .debug_info    0x00006a3c      0x9b0 ./board/board.o
 .debug_info    0x000073ec      0xa7e ./board/clock_config.o
 .debug_info    0x00007e6a      0xc2f ./board/pin_mux.o

.debug_abbrev   0x00000000     0x17cd
 .debug_abbrev  0x00000000       0xe2 ./utilities/fsl_assert.o
 .debug_abbrev  0x000000e2      0x17a ./startup/startup_lpc845.o
 .debug_abbrev  0x0000025c      0x2bf ./source/gpio_led_output.o
 .debug_abbrev  0x0000051b       0x46 ./source/mtb.o
 .debug_abbrev  0x00000561       0x31 ./source/semihost_hardfault.o
 .debug_abbrev  0x00000592      0x2ec ./drivers/fsl_clock.o
 .debug_abbrev  0x0000087e      0x1f7 ./drivers/fsl_gpio.o
 .debug_abbrev  0x00000a75      0x197 ./drivers/fsl_reset.o
 .debug_abbrev  0x00000c0c      0x1a0 ./drivers/fsl_swm.o
 .debug_abbrev  0x00000dac      0x321 ./drivers/fsl_usart.o
 .debug_abbrev  0x000010cd      0x156 ./device/system_LPC845.o
 .debug_abbrev  0x00001223      0x182 ./board/board.o
 .debug_abbrev  0x000013a5      0x225 ./board/clock_config.o
 .debug_abbrev  0x000015ca      0x203 ./board/pin_mux.o

.debug_aranges  0x00000000      0x5d0
 .debug_aranges
                0x00000000       0x20 ./utilities/fsl_assert.o
 .debug_aranges
                0x00000020      0x160 ./startup/startup_lpc845.o
 .debug_aranges
                0x00000180       0x78 ./source/gpio_led_output.o
 .debug_aranges
                0x000001f8       0x18 ./source/mtb.o
 .debug_aranges
                0x00000210       0x20 ./source/semihost_hardfault.o
 .debug_aranges
                0x00000230      0x100 ./drivers/fsl_clock.o
 .debug_aranges
                0x00000330       0x30 ./drivers/fsl_gpio.o
 .debug_aranges
                0x00000360       0x30 ./drivers/fsl_reset.o
 .debug_aranges
                0x00000390       0x28 ./drivers/fsl_swm.o
 .debug_aranges
                0x000003b8      0x128 ./drivers/fsl_usart.o
 .debug_aranges
                0x000004e0       0x30 ./device/system_LPC845.o
 .debug_aranges
                0x00000510       0x20 ./board/board.o
 .debug_aranges
                0x00000530       0x60 ./board/clock_config.o
 .debug_aranges
                0x00000590       0x40 ./board/pin_mux.o

.debug_ranges   0x00000000      0x4e8
 .debug_ranges  0x00000000       0x10 ./utilities/fsl_assert.o
 .debug_ranges  0x00000010      0x150 ./startup/startup_lpc845.o
 .debug_ranges  0x00000160       0x68 ./source/gpio_led_output.o
 .debug_ranges  0x000001c8       0x10 ./source/semihost_hardfault.o
 .debug_ranges  0x000001d8       0xf0 ./drivers/fsl_clock.o
 .debug_ranges  0x000002c8       0x20 ./drivers/fsl_gpio.o
 .debug_ranges  0x000002e8       0x20 ./drivers/fsl_reset.o
 .debug_ranges  0x00000308       0x18 ./drivers/fsl_swm.o
 .debug_ranges  0x00000320      0x118 ./drivers/fsl_usart.o
 .debug_ranges  0x00000438       0x20 ./device/system_LPC845.o
 .debug_ranges  0x00000458       0x10 ./board/board.o
 .debug_ranges  0x00000468       0x50 ./board/clock_config.o
 .debug_ranges  0x000004b8       0x30 ./board/pin_mux.o

.debug_macro    0x00000000     0x81c7
 .debug_macro   0x00000000      0x127 ./utilities/fsl_assert.o
 .debug_macro   0x00000127      0xaa8 ./utilities/fsl_assert.o
 .debug_macro   0x00000bcf       0x10 ./utilities/fsl_assert.o
 .debug_macro   0x00000bdf       0x1c ./utilities/fsl_assert.o
 .debug_macro   0x00000bfb       0x22 ./utilities/fsl_assert.o
 .debug_macro   0x00000c1d      0x12e ./utilities/fsl_assert.o
 .debug_macro   0x00000d4b      0x5b3 ./utilities/fsl_assert.o
 .debug_macro   0x000012fe       0x22 ./utilities/fsl_assert.o
 .debug_macro   0x00001320       0x10 ./utilities/fsl_assert.o
 .debug_macro   0x00001330       0x3f ./utilities/fsl_assert.o
 .debug_macro   0x0000136f       0x1c ./utilities/fsl_assert.o
 .debug_macro   0x0000138b       0x22 ./utilities/fsl_assert.o
 .debug_macro   0x000013ad       0xae ./utilities/fsl_assert.o
 .debug_macro   0x0000145b      0x3ad ./utilities/fsl_assert.o
 .debug_macro   0x00001808       0x22 ./utilities/fsl_assert.o
 .debug_macro   0x0000182a     0x55a1 ./utilities/fsl_assert.o
 .debug_macro   0x00006dcb      0x1fa ./utilities/fsl_assert.o
 .debug_macro   0x00006fc5       0xd0 ./utilities/fsl_assert.o
 .debug_macro   0x00007095      0x125 ./utilities/fsl_assert.o
 .debug_macro   0x000071ba       0x16 ./utilities/fsl_assert.o
 .debug_macro   0x000071d0       0x81 ./utilities/fsl_assert.o
 .debug_macro   0x00007251       0x1c ./utilities/fsl_assert.o
 .debug_macro   0x0000726d       0xd2 ./utilities/fsl_assert.o
 .debug_macro   0x0000733f       0x2e ./utilities/fsl_assert.o
 .debug_macro   0x0000736d       0x29 ./startup/startup_lpc845.o
 .debug_macro   0x00007396      0x16f ./source/gpio_led_output.o
 .debug_macro   0x00007505       0x28 ./source/gpio_led_output.o
 .debug_macro   0x0000752d       0x10 ./source/gpio_led_output.o
 .debug_macro   0x0000753d       0xf4 ./source/gpio_led_output.o
 .debug_macro   0x00007631       0x2e ./source/gpio_led_output.o
 .debug_macro   0x0000765f       0x2f ./source/mtb.o
 .debug_macro   0x0000768e       0x82 ./source/mtb.o
 .debug_macro   0x00007710       0x10 ./source/mtb.o
 .debug_macro   0x00007720       0x11 ./source/semihost_hardfault.o
 .debug_macro   0x00007731      0x130 ./drivers/fsl_clock.o
 .debug_macro   0x00007861      0x11c ./drivers/fsl_gpio.o
 .debug_macro   0x0000797d      0x10c ./drivers/fsl_reset.o
 .debug_macro   0x00007a89      0x126 ./drivers/fsl_swm.o
 .debug_macro   0x00007baf      0x11b ./drivers/fsl_usart.o
 .debug_macro   0x00007cca       0x16 ./drivers/fsl_usart.o
 .debug_macro   0x00007ce0       0x97 ./device/system_LPC845.o
 .debug_macro   0x00007d77      0x14e ./board/board.o
 .debug_macro   0x00007ec5       0x2e ./board/board.o
 .debug_macro   0x00007ef3      0x12c ./board/clock_config.o
 .debug_macro   0x0000801f      0x132 ./board/pin_mux.o
 .debug_macro   0x00008151       0x76 ./board/pin_mux.o

.debug_line     0x00000000     0x4211
 .debug_line    0x00000000      0x3d4 ./utilities/fsl_assert.o
 .debug_line    0x000003d4      0x1e5 ./startup/startup_lpc845.o
 .debug_line    0x000005b9      0x6cf ./source/gpio_led_output.o
 .debug_line    0x00000c88       0xd1 ./source/mtb.o
 .debug_line    0x00000d59       0x5a ./source/semihost_hardfault.o
 .debug_line    0x00000db3      0xa47 ./drivers/fsl_clock.o
 .debug_line    0x000017fa      0x3c6 ./drivers/fsl_gpio.o
 .debug_line    0x00001bc0      0x3af ./drivers/fsl_reset.o
 .debug_line    0x00001f6f      0x40f ./drivers/fsl_swm.o
 .debug_line    0x0000237e      0xcc0 ./drivers/fsl_usart.o
 .debug_line    0x0000303e      0x3f6 ./device/system_LPC845.o
 .debug_line    0x00003434      0x45f ./board/board.o
 .debug_line    0x00003893      0x4f3 ./board/clock_config.o
 .debug_line    0x00003d86      0x48b ./board/pin_mux.o

.debug_str      0x00000000    0x3a7ec
 .debug_str     0x00000000    0x34e2f ./utilities/fsl_assert.o
                              0x34ed0 (size before relaxing)
 .debug_str     0x00034e2f      0x411 ./startup/startup_lpc845.o
                               0x320b (size before relaxing)
 .debug_str     0x00035240     0x21a9 ./source/gpio_led_output.o
                              0x370ad (size before relaxing)
 .debug_str     0x000373e9      0x532 ./source/mtb.o
                               0x3305 (size before relaxing)
 .debug_str     0x0003791b       0x1f ./source/semihost_hardfault.o
                               0x2df2 (size before relaxing)
 .debug_str     0x0003793a      0x8fe ./drivers/fsl_clock.o
                              0x35e28 (size before relaxing)
 .debug_str     0x00038238      0x503 ./drivers/fsl_gpio.o
                              0x35b1b (size before relaxing)
 .debug_str     0x0003873b       0xae ./drivers/fsl_reset.o
                              0x350c5 (size before relaxing)
 .debug_str     0x000387e9      0xb00 ./drivers/fsl_swm.o
                              0x3568e (size before relaxing)
 .debug_str     0x000392e9      0xdcb ./drivers/fsl_usart.o
                              0x36a31 (size before relaxing)
 .debug_str     0x0003a0b4       0x5a ./device/system_LPC845.o
                              0x33947 (size before relaxing)
 .debug_str     0x0003a10e       0x33 ./board/board.o
                              0x36518 (size before relaxing)
 .debug_str     0x0003a141      0x2a3 ./board/clock_config.o
                              0x3592d (size before relaxing)
 .debug_str     0x0003a3e4      0x408 ./board/pin_mux.o
                              0x35cc2 (size before relaxing)

.comment        0x00000000       0x76
 .comment       0x00000000       0x76 ./utilities/fsl_assert.o
                                 0x77 (size before relaxing)
 .comment       0x00000076       0x77 ./startup/startup_lpc845.o
 .comment       0x00000076       0x77 ./source/gpio_led_output.o
 .comment       0x00000076       0x77 ./source/mtb.o
 .comment       0x00000076       0x77 ./source/semihost_hardfault.o
 .comment       0x00000076       0x77 ./drivers/fsl_clock.o
 .comment       0x00000076       0x77 ./drivers/fsl_gpio.o
 .comment       0x00000076       0x77 ./drivers/fsl_reset.o
 .comment       0x00000076       0x77 ./drivers/fsl_swm.o
 .comment       0x00000076       0x77 ./drivers/fsl_usart.o
 .comment       0x00000076       0x77 ./device/system_LPC845.o
 .comment       0x00000076       0x77 ./board/board.o
 .comment       0x00000076       0x77 ./board/clock_config.o
 .comment       0x00000076       0x77 ./board/pin_mux.o
 .comment       0x00000076       0x77 c:/nxp/mcuxpressoide_11.1.1_3241/ide/plugins/com.nxp.mcuxpresso.tools.win32_11.1.0.202001081728/tools/bin/../lib/gcc/arm-none-eabi/8.3.1/../../../../arm-none-eabi/lib/thumb/v6-m/nofp\libcr_semihost_nf.a(_cr__main.o)
 .comment       0x00000076       0x77 c:/nxp/mcuxpressoide_11.1.1_3241/ide/plugins/com.nxp.mcuxpresso.tools.win32_11.1.0.202001081728/tools/bin/../lib/gcc/arm-none-eabi/8.3.1/../../../../arm-none-eabi/lib/thumb/v6-m/nofp\libcr_c.a(memset.o)
 .comment       0x00000076       0x77 c:/nxp/mcuxpressoide_11.1.1_3241/ide/plugins/com.nxp.mcuxpresso.tools.win32_11.1.0.202001081728/tools/bin/../lib/gcc/arm-none-eabi/8.3.1/../../../../arm-none-eabi/lib/thumb/v6-m/nofp\libcr_c.a(alloc.o)
 .comment       0x00000076       0x77 c:/nxp/mcuxpressoide_11.1.1_3241/ide/plugins/com.nxp.mcuxpresso.tools.win32_11.1.0.202001081728/tools/bin/../lib/gcc/arm-none-eabi/8.3.1/../../../../arm-none-eabi/lib/thumb/v6-m/nofp\libcr_c.a(initio.o)
 .comment       0x00000076       0x77 c:/nxp/mcuxpressoide_11.1.1_3241/ide/plugins/com.nxp.mcuxpresso.tools.win32_11.1.0.202001081728/tools/bin/../lib/gcc/arm-none-eabi/8.3.1/../../../../arm-none-eabi/lib/thumb/v6-m/nofp\libcr_c.a(printf.o)
 .comment       0x00000076       0x77 c:/nxp/mcuxpressoide_11.1.1_3241/ide/plugins/com.nxp.mcuxpresso.tools.win32_11.1.0.202001081728/tools/bin/../lib/gcc/arm-none-eabi/8.3.1/../../../../arm-none-eabi/lib/thumb/v6-m/nofp\libcr_c.a(setvbuf.o)
 .comment       0x00000076       0x77 c:/nxp/mcuxpressoide_11.1.1_3241/ide/plugins/com.nxp.mcuxpresso.tools.win32_11.1.0.202001081728/tools/bin/../lib/gcc/arm-none-eabi/8.3.1/../../../../arm-none-eabi/lib/thumb/v6-m/nofp\libcr_c.a(strlen.o)
 .comment       0x00000076       0x77 c:/nxp/mcuxpressoide_11.1.1_3241/ide/plugins/com.nxp.mcuxpresso.tools.win32_11.1.0.202001081728/tools/bin/../lib/gcc/arm-none-eabi/8.3.1/../../../../arm-none-eabi/lib/thumb/v6-m/nofp\libcr_c.a(__init_alloc.o)
 .comment       0x00000076       0x77 c:/nxp/mcuxpressoide_11.1.1_3241/ide/plugins/com.nxp.mcuxpresso.tools.win32_11.1.0.202001081728/tools/bin/../lib/gcc/arm-none-eabi/8.3.1/../../../../arm-none-eabi/lib/thumb/v6-m/nofp\libcr_c.a(_cr_sbrk.o)
 .comment       0x00000076       0x77 c:/nxp/mcuxpressoide_11.1.1_3241/ide/plugins/com.nxp.mcuxpresso.tools.win32_11.1.0.202001081728/tools/bin/../lib/gcc/arm-none-eabi/8.3.1/../../../../arm-none-eabi/lib/thumb/v6-m/nofp\libcr_c.a(_deferredlazyseek.o)
 .comment       0x00000076       0x77 c:/nxp/mcuxpressoide_11.1.1_3241/ide/plugins/com.nxp.mcuxpresso.tools.win32_11.1.0.202001081728/tools/bin/../lib/gcc/arm-none-eabi/8.3.1/../../../../arm-none-eabi/lib/thumb/v6-m/nofp\libcr_c.a(_fdopen.o)
 .comment       0x00000076       0x77 c:/nxp/mcuxpressoide_11.1.1_3241/ide/plugins/com.nxp.mcuxpresso.tools.win32_11.1.0.202001081728/tools/bin/../lib/gcc/arm-none-eabi/8.3.1/../../../../arm-none-eabi/lib/thumb/v6-m/nofp\libcr_c.a(_fflush.o)
 .comment       0x00000076       0x77 c:/nxp/mcuxpressoide_11.1.1_3241/ide/plugins/com.nxp.mcuxpresso.tools.win32_11.1.0.202001081728/tools/bin/../lib/gcc/arm-none-eabi/8.3.1/../../../../arm-none-eabi/lib/thumb/v6-m/nofp\libcr_c.a(_writebuf.o)
 .comment       0x00000076       0x77 c:/nxp/mcuxpressoide_11.1.1_3241/ide/plugins/com.nxp.mcuxpresso.tools.win32_11.1.0.202001081728/tools/bin/../lib/gcc/arm-none-eabi/8.3.1/../../../../arm-none-eabi/lib/thumb/v6-m/nofp\libcr_c.a(errno.o)
 .comment       0x00000076       0x77 c:/nxp/mcuxpressoide_11.1.1_3241/ide/plugins/com.nxp.mcuxpresso.tools.win32_11.1.0.202001081728/tools/bin/../lib/gcc/arm-none-eabi/8.3.1/../../../../arm-none-eabi/lib/thumb/v6-m/nofp\libcr_c.a(fclose.o)
 .comment       0x00000076       0x77 c:/nxp/mcuxpressoide_11.1.1_3241/ide/plugins/com.nxp.mcuxpresso.tools.win32_11.1.0.202001081728/tools/bin/../lib/gcc/arm-none-eabi/8.3.1/../../../../arm-none-eabi/lib/thumb/v6-m/nofp\libcr_c.a(fflush.o)
 .comment       0x00000076       0x77 c:/nxp/mcuxpressoide_11.1.1_3241/ide/plugins/com.nxp.mcuxpresso.tools.win32_11.1.0.202001081728/tools/bin/../lib/gcc/arm-none-eabi/8.3.1/../../../../arm-none-eabi/lib/thumb/v6-m/nofp\libcr_c.a(fseek.o)
 .comment       0x00000076       0x77 c:/nxp/mcuxpressoide_11.1.1_3241/ide/plugins/com.nxp.mcuxpresso.tools.win32_11.1.0.202001081728/tools/bin/../lib/gcc/arm-none-eabi/8.3.1/../../../../arm-none-eabi/lib/thumb/v6-m/nofp\libcr_c.a(ftell.o)
 .comment       0x00000076       0x77 c:/nxp/mcuxpressoide_11.1.1_3241/ide/plugins/com.nxp.mcuxpresso.tools.win32_11.1.0.202001081728/tools/bin/../lib/gcc/arm-none-eabi/8.3.1/../../../../arm-none-eabi/lib/thumb/v6-m/nofp\libcr_c.a(remove.o)
 .comment       0x00000076       0x77 c:/nxp/mcuxpressoide_11.1.1_3241/ide/plugins/com.nxp.mcuxpresso.tools.win32_11.1.0.202001081728/tools/bin/../lib/gcc/arm-none-eabi/8.3.1/../../../../arm-none-eabi/lib/thumb/v6-m/nofp\libcr_c.a(_cr_check_heap.o)
 .comment       0x00000076       0x77 c:/nxp/mcuxpressoide_11.1.1_3241/ide/plugins/com.nxp.mcuxpresso.tools.win32_11.1.0.202001081728/tools/bin/../lib/gcc/arm-none-eabi/8.3.1/../../../../arm-none-eabi/lib/thumb/v6-m/nofp\libcr_c.a(_do_fflush.o)
 .comment       0x00000076       0x77 c:/nxp/mcuxpressoide_11.1.1_3241/ide/plugins/com.nxp.mcuxpresso.tools.win32_11.1.0.202001081728/tools/bin/../lib/gcc/arm-none-eabi/8.3.1/../../../../arm-none-eabi/lib/thumb/v6-m/nofp\libcr_semihost_nf.a(__ciob.o)

.ARM.attributes
                0x00000000       0x2a
 .ARM.attributes
                0x00000000       0x2c ./utilities/fsl_assert.o
 .ARM.attributes
                0x0000002c       0x2c ./startup/startup_lpc845.o
 .ARM.attributes
                0x00000058       0x2c ./source/gpio_led_output.o
 .ARM.attributes
                0x00000084       0x32 ./source/mtb.o
 .ARM.attributes
                0x000000b6       0x2c ./source/semihost_hardfault.o
 .ARM.attributes
                0x000000e2       0x2c ./drivers/fsl_clock.o
 .ARM.attributes
                0x0000010e       0x2c ./drivers/fsl_gpio.o
 .ARM.attributes
                0x0000013a       0x2c ./drivers/fsl_reset.o
 .ARM.attributes
                0x00000166       0x2c ./drivers/fsl_swm.o
 .ARM.attributes
                0x00000192       0x2c ./drivers/fsl_usart.o
 .ARM.attributes
                0x000001be       0x2c ./device/system_LPC845.o
 .ARM.attributes
                0x000001ea       0x2c ./board/board.o
 .ARM.attributes
                0x00000216       0x2c ./board/clock_config.o
 .ARM.attributes
                0x00000242       0x2c ./board/pin_mux.o
 .ARM.attributes
                0x0000026e       0x2c c:/nxp/mcuxpressoide_11.1.1_3241/ide/plugins/com.nxp.mcuxpresso.tools.win32_11.1.0.202001081728/tools/bin/../lib/gcc/arm-none-eabi/8.3.1/../../../../arm-none-eabi/lib/thumb/v6-m/nofp\libcr_semihost_nf.a(_cr__main.o)
 .ARM.attributes
                0x0000029a       0x2c c:/nxp/mcuxpressoide_11.1.1_3241/ide/plugins/com.nxp.mcuxpresso.tools.win32_11.1.0.202001081728/tools/bin/../lib/gcc/arm-none-eabi/8.3.1/../../../../arm-none-eabi/lib/thumb/v6-m/nofp\libcr_c.a(memset.o)
 .ARM.attributes
                0x000002c6       0x2c c:/nxp/mcuxpressoide_11.1.1_3241/ide/plugins/com.nxp.mcuxpresso.tools.win32_11.1.0.202001081728/tools/bin/../lib/gcc/arm-none-eabi/8.3.1/../../../../arm-none-eabi/lib/thumb/v6-m/nofp\libcr_c.a(alloc.o)
 .ARM.attributes
                0x000002f2       0x2c c:/nxp/mcuxpressoide_11.1.1_3241/ide/plugins/com.nxp.mcuxpresso.tools.win32_11.1.0.202001081728/tools/bin/../lib/gcc/arm-none-eabi/8.3.1/../../../../arm-none-eabi/lib/thumb/v6-m/nofp\libcr_c.a(initio.o)
 .ARM.attributes
                0x0000031e       0x2c c:/nxp/mcuxpressoide_11.1.1_3241/ide/plugins/com.nxp.mcuxpresso.tools.win32_11.1.0.202001081728/tools/bin/../lib/gcc/arm-none-eabi/8.3.1/../../../../arm-none-eabi/lib/thumb/v6-m/nofp\libcr_c.a(printf.o)
 .ARM.attributes
                0x0000034a       0x2c c:/nxp/mcuxpressoide_11.1.1_3241/ide/plugins/com.nxp.mcuxpresso.tools.win32_11.1.0.202001081728/tools/bin/../lib/gcc/arm-none-eabi/8.3.1/../../../../arm-none-eabi/lib/thumb/v6-m/nofp\libcr_c.a(setvbuf.o)
 .ARM.attributes
                0x00000376       0x2c c:/nxp/mcuxpressoide_11.1.1_3241/ide/plugins/com.nxp.mcuxpresso.tools.win32_11.1.0.202001081728/tools/bin/../lib/gcc/arm-none-eabi/8.3.1/../../../../arm-none-eabi/lib/thumb/v6-m/nofp\libcr_c.a(strlen.o)
 .ARM.attributes
                0x000003a2       0x2c c:/nxp/mcuxpressoide_11.1.1_3241/ide/plugins/com.nxp.mcuxpresso.tools.win32_11.1.0.202001081728/tools/bin/../lib/gcc/arm-none-eabi/8.3.1/../../../../arm-none-eabi/lib/thumb/v6-m/nofp\libcr_c.a(__init_alloc.o)
 .ARM.attributes
                0x000003ce       0x2c c:/nxp/mcuxpressoide_11.1.1_3241/ide/plugins/com.nxp.mcuxpresso.tools.win32_11.1.0.202001081728/tools/bin/../lib/gcc/arm-none-eabi/8.3.1/../../../../arm-none-eabi/lib/thumb/v6-m/nofp\libcr_c.a(_cr_sbrk.o)
 .ARM.attributes
                0x000003fa       0x2c c:/nxp/mcuxpressoide_11.1.1_3241/ide/plugins/com.nxp.mcuxpresso.tools.win32_11.1.0.202001081728/tools/bin/../lib/gcc/arm-none-eabi/8.3.1/../../../../arm-none-eabi/lib/thumb/v6-m/nofp\libcr_c.a(_deferredlazyseek.o)
 .ARM.attributes
                0x00000426       0x2c c:/nxp/mcuxpressoide_11.1.1_3241/ide/plugins/com.nxp.mcuxpresso.tools.win32_11.1.0.202001081728/tools/bin/../lib/gcc/arm-none-eabi/8.3.1/../../../../arm-none-eabi/lib/thumb/v6-m/nofp\libcr_c.a(_fdopen.o)
 .ARM.attributes
                0x00000452       0x2c c:/nxp/mcuxpressoide_11.1.1_3241/ide/plugins/com.nxp.mcuxpresso.tools.win32_11.1.0.202001081728/tools/bin/../lib/gcc/arm-none-eabi/8.3.1/../../../../arm-none-eabi/lib/thumb/v6-m/nofp\libcr_c.a(_fflush.o)
 .ARM.attributes
                0x0000047e       0x2c c:/nxp/mcuxpressoide_11.1.1_3241/ide/plugins/com.nxp.mcuxpresso.tools.win32_11.1.0.202001081728/tools/bin/../lib/gcc/arm-none-eabi/8.3.1/../../../../arm-none-eabi/lib/thumb/v6-m/nofp\libcr_c.a(_writebuf.o)
 .ARM.attributes
                0x000004aa       0x31 c:/nxp/mcuxpressoide_11.1.1_3241/ide/plugins/com.nxp.mcuxpresso.tools.win32_11.1.0.202001081728/tools/bin/../lib/gcc/arm-none-eabi/8.3.1/../../../../arm-none-eabi/lib/thumb/v6-m/nofp\libcr_c.a(errno.o)
 .ARM.attributes
                0x000004db       0x2c c:/nxp/mcuxpressoide_11.1.1_3241/ide/plugins/com.nxp.mcuxpresso.tools.win32_11.1.0.202001081728/tools/bin/../lib/gcc/arm-none-eabi/8.3.1/../../../../arm-none-eabi/lib/thumb/v6-m/nofp\libcr_c.a(fclose.o)
 .ARM.attributes
                0x00000507       0x2c c:/nxp/mcuxpressoide_11.1.1_3241/ide/plugins/com.nxp.mcuxpresso.tools.win32_11.1.0.202001081728/tools/bin/../lib/gcc/arm-none-eabi/8.3.1/../../../../arm-none-eabi/lib/thumb/v6-m/nofp\libcr_c.a(fflush.o)
 .ARM.attributes
                0x00000533       0x2c c:/nxp/mcuxpressoide_11.1.1_3241/ide/plugins/com.nxp.mcuxpresso.tools.win32_11.1.0.202001081728/tools/bin/../lib/gcc/arm-none-eabi/8.3.1/../../../../arm-none-eabi/lib/thumb/v6-m/nofp\libcr_c.a(fseek.o)
 .ARM.attributes
                0x0000055f       0x2c c:/nxp/mcuxpressoide_11.1.1_3241/ide/plugins/com.nxp.mcuxpresso.tools.win32_11.1.0.202001081728/tools/bin/../lib/gcc/arm-none-eabi/8.3.1/../../../../arm-none-eabi/lib/thumb/v6-m/nofp\libcr_c.a(ftell.o)
 .ARM.attributes
                0x0000058b       0x2c c:/nxp/mcuxpressoide_11.1.1_3241/ide/plugins/com.nxp.mcuxpresso.tools.win32_11.1.0.202001081728/tools/bin/../lib/gcc/arm-none-eabi/8.3.1/../../../../arm-none-eabi/lib/thumb/v6-m/nofp\libcr_c.a(remove.o)
 .ARM.attributes
                0x000005b7       0x2c c:/nxp/mcuxpressoide_11.1.1_3241/ide/plugins/com.nxp.mcuxpresso.tools.win32_11.1.0.202001081728/tools/bin/../lib/gcc/arm-none-eabi/8.3.1/../../../../arm-none-eabi/lib/thumb/v6-m/nofp\libcr_c.a(_cr_check_heap.o)
 .ARM.attributes
                0x000005e3       0x2c c:/nxp/mcuxpressoide_11.1.1_3241/ide/plugins/com.nxp.mcuxpresso.tools.win32_11.1.0.202001081728/tools/bin/../lib/gcc/arm-none-eabi/8.3.1/../../../../arm-none-eabi/lib/thumb/v6-m/nofp\libcr_c.a(_do_fflush.o)
 .ARM.attributes
                0x0000060f       0x1c c:/nxp/mcuxpressoide_11.1.1_3241/ide/plugins/com.nxp.mcuxpresso.tools.win32_11.1.0.202001081728/tools/bin/../lib/gcc/arm-none-eabi/8.3.1/thumb/v6-m/nofp\libcr_eabihelpers.a(division_32.o)
 .ARM.attributes
                0x0000062b       0x1c c:/nxp/mcuxpressoide_11.1.1_3241/ide/plugins/com.nxp.mcuxpresso.tools.win32_11.1.0.202001081728/tools/bin/../lib/gcc/arm-none-eabi/8.3.1/thumb/v6-m/nofp\libcr_eabihelpers.a(division_idiv0.o)
 .ARM.attributes
                0x00000647       0x1c c:/nxp/mcuxpressoide_11.1.1_3241/ide/plugins/com.nxp.mcuxpresso.tools.win32_11.1.0.202001081728/tools/bin/../lib/gcc/arm-none-eabi/8.3.1/thumb/v6-m/nofp\libcr_eabihelpers.a(llong.o)
 .ARM.attributes
                0x00000663       0x1c c:/nxp/mcuxpressoide_11.1.1_3241/ide/plugins/com.nxp.mcuxpresso.tools.win32_11.1.0.202001081728/tools/bin/../lib/gcc/arm-none-eabi/8.3.1/thumb/v6-m/nofp\libcr_eabihelpers.a(memcpy.o)
 .ARM.attributes
                0x0000067f       0x31 c:/nxp/mcuxpressoide_11.1.1_3241/ide/plugins/com.nxp.mcuxpresso.tools.win32_11.1.0.202001081728/tools/bin/../lib/gcc/arm-none-eabi/8.3.1/../../../../arm-none-eabi/lib/thumb/v6-m/nofp\libcr_semihost_nf.a(__ciob.o)
 .ARM.attributes
                0x000006b0       0x1c c:/nxp/mcuxpressoide_11.1.1_3241/ide/plugins/com.nxp.mcuxpresso.tools.win32_11.1.0.202001081728/tools/bin/../lib/gcc/arm-none-eabi/8.3.1/../../../../arm-none-eabi/lib/thumb/v6-m/nofp\libcr_semihost_nf.a(__sys_appexit.o)
 .ARM.attributes
                0x000006cc       0x1c c:/nxp/mcuxpressoide_11.1.1_3241/ide/plugins/com.nxp.mcuxpresso.tools.win32_11.1.0.202001081728/tools/bin/../lib/gcc/arm-none-eabi/8.3.1/../../../../arm-none-eabi/lib/thumb/v6-m/nofp\libcr_semihost_nf.a(__sys_close.o)
 .ARM.attributes
                0x000006e8       0x1c c:/nxp/mcuxpressoide_11.1.1_3241/ide/plugins/com.nxp.mcuxpresso.tools.win32_11.1.0.202001081728/tools/bin/../lib/gcc/arm-none-eabi/8.3.1/../../../../arm-none-eabi/lib/thumb/v6-m/nofp\libcr_semihost_nf.a(__sys_flen.o)
 .ARM.attributes
                0x00000704       0x1c c:/nxp/mcuxpressoide_11.1.1_3241/ide/plugins/com.nxp.mcuxpresso.tools.win32_11.1.0.202001081728/tools/bin/../lib/gcc/arm-none-eabi/8.3.1/../../../../arm-none-eabi/lib/thumb/v6-m/nofp\libcr_semihost_nf.a(__sys_istty.o)
 .ARM.attributes
                0x00000720       0x1c c:/nxp/mcuxpressoide_11.1.1_3241/ide/plugins/com.nxp.mcuxpresso.tools.win32_11.1.0.202001081728/tools/bin/../lib/gcc/arm-none-eabi/8.3.1/../../../../arm-none-eabi/lib/thumb/v6-m/nofp\libcr_semihost_nf.a(__sys_remove.o)
 .ARM.attributes
                0x0000073c       0x1c c:/nxp/mcuxpressoide_11.1.1_3241/ide/plugins/com.nxp.mcuxpresso.tools.win32_11.1.0.202001081728/tools/bin/../lib/gcc/arm-none-eabi/8.3.1/../../../../arm-none-eabi/lib/thumb/v6-m/nofp\libcr_semihost_nf.a(__sys_seek.o)
 .ARM.attributes
                0x00000758       0x1c c:/nxp/mcuxpressoide_11.1.1_3241/ide/plugins/com.nxp.mcuxpresso.tools.win32_11.1.0.202001081728/tools/bin/../lib/gcc/arm-none-eabi/8.3.1/../../../../arm-none-eabi/lib/thumb/v6-m/nofp\libcr_semihost_nf.a(__sys_tmpnam.o)
 .ARM.attributes
                0x00000774       0x1c c:/nxp/mcuxpressoide_11.1.1_3241/ide/plugins/com.nxp.mcuxpresso.tools.win32_11.1.0.202001081728/tools/bin/../lib/gcc/arm-none-eabi/8.3.1/../../../../arm-none-eabi/lib/thumb/v6-m/nofp\libcr_semihost_nf.a(__sys_write.o)

.debug_frame    0x00000000     0x1104
 .debug_frame   0x00000000       0x30 ./utilities/fsl_assert.o
 .debug_frame   0x00000030      0x3b0 ./startup/startup_lpc845.o
 .debug_frame   0x000003e0      0x18c ./source/gpio_led_output.o
 .debug_frame   0x0000056c       0x20 ./source/semihost_hardfault.o
 .debug_frame   0x0000058c      0x3ac ./drivers/fsl_clock.o
 .debug_frame   0x00000938       0x70 ./drivers/fsl_gpio.o
 .debug_frame   0x000009a8       0x70 ./drivers/fsl_reset.o
 .debug_frame   0x00000a18       0x50 ./drivers/fsl_swm.o
 .debug_frame   0x00000a68      0x43c ./drivers/fsl_usart.o
 .debug_frame   0x00000ea4       0x68 ./device/system_LPC845.o
 .debug_frame   0x00000f0c       0x2c ./board/board.o
 .debug_frame   0x00000f38      0x120 ./board/clock_config.o
 .debug_frame   0x00001058       0xac ./board/pin_mux.o

Cross Reference Table

Symbol                                            File
ADC0_OVR_DriverIRQHandler                         ./startup/startup_lpc845.o
ADC0_OVR_IRQHandler                               ./startup/startup_lpc845.o
ADC0_SEQA_DriverIRQHandler                        ./startup/startup_lpc845.o
ADC0_SEQA_IRQHandler                              ./startup/startup_lpc845.o
ADC0_SEQB_DriverIRQHandler                        ./startup/startup_lpc845.o
ADC0_SEQB_IRQHandler                              ./startup/startup_lpc845.o
ADC0_THCMP_DriverIRQHandler                       ./startup/startup_lpc845.o
ADC0_THCMP_IRQHandler                             ./startup/startup_lpc845.o
BOARD_BootClockFRO18M                             ./board/clock_config.o
BOARD_BootClockFRO24M                             ./board/clock_config.o
BOARD_BootClockFRO30M                             ./board/clock_config.o
                                                  ./source/gpio_led_output.o
BOARD_BootClockPll24M                             ./board/clock_config.o
BOARD_InitBootClocks                              ./board/clock_config.o
BOARD_InitBootPins                                ./board/pin_mux.o
BOARD_InitDebugConsole                            ./board/board.o
                                                  ./source/gpio_led_output.o
BOARD_InitPins                                    ./board/pin_mux.o
                                                  ./source/gpio_led_output.o
BOD_DriverIRQHandler                              ./startup/startup_lpc845.o
BOD_IRQHandler                                    ./startup/startup_lpc845.o
CLOCK_GetClockOutClkFreq                          ./drivers/fsl_clock.o
CLOCK_GetFRG0ClkFreq                              ./drivers/fsl_clock.o
CLOCK_GetFRG1ClkFreq                              ./drivers/fsl_clock.o
CLOCK_GetFreq                                     ./drivers/fsl_clock.o
CLOCK_GetFroFreq                                  ./drivers/fsl_clock.o
CLOCK_GetMainClkFreq                              ./drivers/fsl_clock.o
CLOCK_GetSystemPLLInClockRate                     ./drivers/fsl_clock.o
CLOCK_GetUart0ClkFreq                             ./drivers/fsl_clock.o
CLOCK_GetUart1ClkFreq                             ./drivers/fsl_clock.o
CLOCK_GetUart2ClkFreq                             ./drivers/fsl_clock.o
CLOCK_GetUart3ClkFreq                             ./drivers/fsl_clock.o
CLOCK_GetUart4ClkFreq                             ./drivers/fsl_clock.o
CLOCK_InitExtClkin                                ./drivers/fsl_clock.o
CLOCK_InitSysOsc                                  ./drivers/fsl_clock.o
CLOCK_InitSystemPll                               ./drivers/fsl_clock.o
                                                  ./board/clock_config.o
CLOCK_InitWdtOsc                                  ./drivers/fsl_clock.o
CLOCK_InitXtalin                                  ./drivers/fsl_clock.o
CLOCK_SetFRG0ClkFreq                              ./drivers/fsl_clock.o
CLOCK_SetFRG1ClkFreq                              ./drivers/fsl_clock.o
CLOCK_SetFroOutClkSrc                             ./drivers/fsl_clock.o
                                                  ./board/clock_config.o
CLOCK_SetMainClkSrc                               ./drivers/fsl_clock.o
                                                  ./board/clock_config.o
CMP_CAPT_DriverIRQHandler                         ./startup/startup_lpc845.o
CMP_CAPT_IRQHandler                               ./startup/startup_lpc845.o
CTIMER0_DriverIRQHandler                          ./startup/startup_lpc845.o
CTIMER0_IRQHandler                                ./startup/startup_lpc845.o
DAC0_DriverIRQHandler                             ./startup/startup_lpc845.o
DAC0_IRQHandler                                   ./startup/startup_lpc845.o
DMA0_DriverIRQHandler                             ./startup/startup_lpc845.o
DMA0_IRQHandler                                   ./startup/startup_lpc845.o
DbgConsole_Deinit                                 ./utilities/fsl_debug_console.o
DbgConsole_Init                                   ./utilities/fsl_debug_console.o
DisableDeepSleepIRQ                               ./drivers/fsl_power.o
EnableDeepSleepIRQ                                ./drivers/fsl_power.o
ExtClockIn                                        ./board/board.o
FLASH_DriverIRQHandler                            ./startup/startup_lpc845.o
FLASH_IRQHandler                                  ./startup/startup_lpc845.o
GPIO_PinInit                                      ./drivers/fsl_gpio.o
                                                  ./source/gpio_led_output.o
GPIO_PortInit                                     ./drivers/fsl_gpio.o
                                                  ./source/gpio_led_output.o
HAL_UartDeinit                                    ./component/uart/miniusart_adapter.o
                                                  ./utilities/fsl_debug_console.o
HAL_UartEnterLowpower                             ./component/uart/miniusart_adapter.o
HAL_UartExitLowpower                              ./component/uart/miniusart_adapter.o
HAL_UartInit                                      ./component/uart/miniusart_adapter.o
                                                  ./utilities/fsl_debug_console.o
HAL_UartReceiveBlocking                           ./component/uart/miniusart_adapter.o
                                                  ./utilities/fsl_debug_console.o
HAL_UartSendBlocking                              ./component/uart/miniusart_adapter.o
                                                  ./utilities/fsl_debug_console.o
HardFault_Handler                                 ./source/semihost_hardfault.o
                                                  ./startup/startup_lpc845.o
I2C0_DriverIRQHandler                             ./startup/startup_lpc845.o
I2C0_IRQHandler                                   ./startup/startup_lpc845.o
I2C1_DriverIRQHandler                             ./startup/startup_lpc845.o
I2C1_IRQHandler                                   ./startup/startup_lpc845.o
I2C2_DriverIRQHandler                             ./startup/startup_lpc845.o
I2C2_IRQHandler                                   ./startup/startup_lpc845.o
I2C3_DriverIRQHandler                             ./startup/startup_lpc845.o
I2C3_IRQHandler                                   ./startup/startup_lpc845.o
INPUTMUX_AttachSignal                             ./drivers/fsl_inputmux.o
INPUTMUX_Deinit                                   ./drivers/fsl_inputmux.o
INPUTMUX_Init                                     ./drivers/fsl_inputmux.o
IntDefaultHandler                                 ./startup/startup_lpc845.o
MRT0_DriverIRQHandler                             ./startup/startup_lpc845.o
MRT0_IRQHandler                                   ./startup/startup_lpc845.o
NMI_Handler                                       ./startup/startup_lpc845.o
PIN_INT0_DriverIRQHandler                         ./startup/startup_lpc845.o
PIN_INT0_IRQHandler                               ./startup/startup_lpc845.o
PIN_INT1_DriverIRQHandler                         ./startup/startup_lpc845.o
PIN_INT1_IRQHandler                               ./startup/startup_lpc845.o
PIN_INT2_DriverIRQHandler                         ./startup/startup_lpc845.o
PIN_INT2_IRQHandler                               ./startup/startup_lpc845.o
PIN_INT3_DriverIRQHandler                         ./startup/startup_lpc845.o
PIN_INT3_IRQHandler                               ./startup/startup_lpc845.o
PIN_INT4_DriverIRQHandler                         ./startup/startup_lpc845.o
PIN_INT4_IRQHandler                               ./startup/startup_lpc845.o
PIN_INT5_DAC1_DriverIRQHandler                    ./startup/startup_lpc845.o
PIN_INT5_DAC1_IRQHandler                          ./startup/startup_lpc845.o
PIN_INT6_USART3_DriverIRQHandler                  ./drivers/fsl_usart.o
                                                  ./startup/startup_lpc845.o
PIN_INT6_USART3_IRQHandler                        ./startup/startup_lpc845.o
PIN_INT7_USART4_DriverIRQHandler                  ./drivers/fsl_usart.o
                                                  ./startup/startup_lpc845.o
PIN_INT7_USART4_IRQHandler                        ./startup/startup_lpc845.o
POWER_EnterDeepPowerDownMode                      ./drivers/fsl_power.o
POWER_EnterDeepSleep                              ./drivers/fsl_power.o
POWER_EnterPowerDown                              ./drivers/fsl_power.o
POWER_EnterSleep                                  ./drivers/fsl_power.o
PendSV_Handler                                    ./startup/startup_lpc845.o
RESET_PeripheralReset                             ./drivers/fsl_reset.o
                                                  ./drivers/fsl_usart.o
                                                  ./drivers/fsl_gpio.o
Reserved22_DriverIRQHandler                       ./startup/startup_lpc845.o
Reserved22_IRQHandler                             ./startup/startup_lpc845.o
ResetISR                                          ./startup/startup_lpc845.o
SCT0_DriverIRQHandler                             ./startup/startup_lpc845.o
SCT0_IRQHandler                                   ./startup/startup_lpc845.o
SDK_DelayAtLeastUs                                ./drivers/fsl_common.o
                                                  ./drivers/fsl_clock.o
SDK_Free                                          ./drivers/fsl_common.o
SDK_Malloc                                        ./drivers/fsl_common.o
SPI0_DriverIRQHandler                             ./startup/startup_lpc845.o
SPI0_IRQHandler                                   ./startup/startup_lpc845.o
SPI1_DriverIRQHandler                             ./startup/startup_lpc845.o
SPI1_IRQHandler                                   ./startup/startup_lpc845.o
SVC_Handler                                       ./startup/startup_lpc845.o
SWM_SetFixedPinSelect                             ./drivers/fsl_swm.o
SWM_SetMovablePinSelect                           ./drivers/fsl_swm.o
                                                  ./board/pin_mux.o
SYSCON_AttachSignal                               ./drivers/fsl_syscon.o
SysTick_DelayTicks                                ./source/gpio_led_output.o
SysTick_Handler                                   ./source/gpio_led_output.o
                                                  ./startup/startup_lpc845.o
SystemCoreClock                                   ./device/system_LPC845.o
                                                  ./board/clock_config.o
                                                  ./source/gpio_led_output.o
SystemCoreClockUpdate                             ./device/system_LPC845.o
SystemInit                                        ./device/system_LPC845.o
                                                  ./startup/startup_lpc845.o
SystemInitHook                                    ./device/system_LPC845.o
USART0_DriverIRQHandler                           ./drivers/fsl_usart.o
                                                  ./startup/startup_lpc845.o
USART0_IRQHandler                                 ./startup/startup_lpc845.o
USART1_DriverIRQHandler                           ./drivers/fsl_usart.o
                                                  ./startup/startup_lpc845.o
USART1_IRQHandler                                 ./startup/startup_lpc845.o
USART2_DriverIRQHandler                           ./drivers/fsl_usart.o
                                                  ./startup/startup_lpc845.o
USART2_IRQHandler                                 ./startup/startup_lpc845.o
USART_Deinit                                      ./drivers/fsl_usart.o
                                                  ./component/uart/miniusart_adapter.o
USART_GetDefaultConfig                            ./drivers/fsl_usart.o
                                                  ./component/uart/miniusart_adapter.o
USART_GetInstance                                 ./drivers/fsl_usart.o
USART_Init                                        ./drivers/fsl_usart.o
                                                  ./component/uart/miniusart_adapter.o
USART_ReadBlocking                                ./drivers/fsl_usart.o
                                                  ./component/uart/miniusart_adapter.o
USART_SetBaudRate                                 ./drivers/fsl_usart.o
USART_TransferAbortReceive                        ./drivers/fsl_usart.o
USART_TransferAbortSend                           ./drivers/fsl_usart.o
USART_TransferCreateHandle                        ./drivers/fsl_usart.o
USART_TransferGetReceiveCount                     ./drivers/fsl_usart.o
USART_TransferGetRxRingBufferLength               ./drivers/fsl_usart.o
USART_TransferGetSendCount                        ./drivers/fsl_usart.o
USART_TransferHandleIRQ                           ./drivers/fsl_usart.o
USART_TransferReceiveNonBlocking                  ./drivers/fsl_usart.o
USART_TransferSendNonBlocking                     ./drivers/fsl_usart.o
USART_TransferStartRingBuffer                     ./drivers/fsl_usart.o
USART_TransferStopRingBuffer                      ./drivers/fsl_usart.o
USART_WriteBlocking                               ./drivers/fsl_usart.o
                                                  ./component/uart/miniusart_adapter.o
WDT_DriverIRQHandler                              ./startup/startup_lpc845.o
WDT_IRQHandler                                    ./startup/startup_lpc845.o
WKT_DriverIRQHandler                              ./startup/startup_lpc845.o
WKT_IRQHandler                                    ./startup/startup_lpc845.o
_Csys_alloc                                       c:/nxp/mcuxpressoide_11.1.1_3241/ide/plugins/com.nxp.mcuxpresso.tools.win32_11.1.0.202001081728/tools/bin/../lib/gcc/arm-none-eabi/8.3.1/../../../../arm-none-eabi/lib/thumb/v6-m/nofp\libcr_c.a(alloc.o)
                                                  c:/nxp/mcuxpressoide_11.1.1_3241/ide/plugins/com.nxp.mcuxpresso.tools.win32_11.1.0.202001081728/tools/bin/../lib/gcc/arm-none-eabi/8.3.1/../../../../arm-none-eabi/lib/thumb/v6-m/nofp\libcr_c.a(_deferredlazyseek.o)
_Cwritebuf                                        c:/nxp/mcuxpressoide_11.1.1_3241/ide/plugins/com.nxp.mcuxpresso.tools.win32_11.1.0.202001081728/tools/bin/../lib/gcc/arm-none-eabi/8.3.1/../../../../arm-none-eabi/lib/thumb/v6-m/nofp\libcr_c.a(_writebuf.o)
                                                  c:/nxp/mcuxpressoide_11.1.1_3241/ide/plugins/com.nxp.mcuxpresso.tools.win32_11.1.0.202001081728/tools/bin/../lib/gcc/arm-none-eabi/8.3.1/../../../../arm-none-eabi/lib/thumb/v6-m/nofp\libcr_c.a(_fflush.o)
                                                  c:/nxp/mcuxpressoide_11.1.1_3241/ide/plugins/com.nxp.mcuxpresso.tools.win32_11.1.0.202001081728/tools/bin/../lib/gcc/arm-none-eabi/8.3.1/../../../../arm-none-eabi/lib/thumb/v6-m/nofp\libcr_c.a(_deferredlazyseek.o)
__CR_SEMIHOST                                     c:/nxp/mcuxpressoide_11.1.1_3241/ide/plugins/com.nxp.mcuxpresso.tools.win32_11.1.0.202001081728/tools/bin/../lib/gcc/arm-none-eabi/8.3.1/../../../../arm-none-eabi/lib/thumb/v6-m/nofp\libcr_semihost_nf.a(_cr__main.o)
__Ciob                                            c:/nxp/mcuxpressoide_11.1.1_3241/ide/plugins/com.nxp.mcuxpresso.tools.win32_11.1.0.202001081728/tools/bin/../lib/gcc/arm-none-eabi/8.3.1/../../../../arm-none-eabi/lib/thumb/v6-m/nofp\libcr_semihost_nf.a(__ciob.o)
                                                  c:/nxp/mcuxpressoide_11.1.1_3241/ide/plugins/com.nxp.mcuxpresso.tools.win32_11.1.0.202001081728/tools/bin/../lib/gcc/arm-none-eabi/8.3.1/../../../../arm-none-eabi/lib/thumb/v6-m/nofp\libcr_c.a(fflush.o)
                                                  c:/nxp/mcuxpressoide_11.1.1_3241/ide/plugins/com.nxp.mcuxpresso.tools.win32_11.1.0.202001081728/tools/bin/../lib/gcc/arm-none-eabi/8.3.1/../../../../arm-none-eabi/lib/thumb/v6-m/nofp\libcr_c.a(printf.o)
                                                  c:/nxp/mcuxpressoide_11.1.1_3241/ide/plugins/com.nxp.mcuxpresso.tools.win32_11.1.0.202001081728/tools/bin/../lib/gcc/arm-none-eabi/8.3.1/../../../../arm-none-eabi/lib/thumb/v6-m/nofp\libcr_c.a(initio.o)
__Vectors                                         ./startup/startup_lpc845.o
__aeabi_idiv                                      c:/nxp/mcuxpressoide_11.1.1_3241/ide/plugins/com.nxp.mcuxpresso.tools.win32_11.1.0.202001081728/tools/bin/../lib/gcc/arm-none-eabi/8.3.1/thumb/v6-m/nofp\libcr_eabihelpers.a(division_32.o)
__aeabi_idiv0                                     c:/nxp/mcuxpressoide_11.1.1_3241/ide/plugins/com.nxp.mcuxpresso.tools.win32_11.1.0.202001081728/tools/bin/../lib/gcc/arm-none-eabi/8.3.1/thumb/v6-m/nofp\libcr_eabihelpers.a(division_idiv0.o)
                                                  c:/nxp/mcuxpressoide_11.1.1_3241/ide/plugins/com.nxp.mcuxpresso.tools.win32_11.1.0.202001081728/tools/bin/../lib/gcc/arm-none-eabi/8.3.1/thumb/v6-m/nofp\libcr_eabihelpers.a(division_64.o)
                                                  c:/nxp/mcuxpressoide_11.1.1_3241/ide/plugins/com.nxp.mcuxpresso.tools.win32_11.1.0.202001081728/tools/bin/../lib/gcc/arm-none-eabi/8.3.1/thumb/v6-m/nofp\libcr_eabihelpers.a(division_32.o)
__aeabi_idivmod                                   c:/nxp/mcuxpressoide_11.1.1_3241/ide/plugins/com.nxp.mcuxpresso.tools.win32_11.1.0.202001081728/tools/bin/../lib/gcc/arm-none-eabi/8.3.1/thumb/v6-m/nofp\libcr_eabihelpers.a(division_32.o)
__aeabi_lasr                                      c:/nxp/mcuxpressoide_11.1.1_3241/ide/plugins/com.nxp.mcuxpresso.tools.win32_11.1.0.202001081728/tools/bin/../lib/gcc/arm-none-eabi/8.3.1/thumb/v6-m/nofp\libcr_eabihelpers.a(llong.o)
__aeabi_lcmp                                      c:/nxp/mcuxpressoide_11.1.1_3241/ide/plugins/com.nxp.mcuxpresso.tools.win32_11.1.0.202001081728/tools/bin/../lib/gcc/arm-none-eabi/8.3.1/thumb/v6-m/nofp\libcr_eabihelpers.a(llong.o)
__aeabi_ldivmod                                   c:/nxp/mcuxpressoide_11.1.1_3241/ide/plugins/com.nxp.mcuxpresso.tools.win32_11.1.0.202001081728/tools/bin/../lib/gcc/arm-none-eabi/8.3.1/thumb/v6-m/nofp\libcr_eabihelpers.a(division_64.o)
__aeabi_llsl                                      c:/nxp/mcuxpressoide_11.1.1_3241/ide/plugins/com.nxp.mcuxpresso.tools.win32_11.1.0.202001081728/tools/bin/../lib/gcc/arm-none-eabi/8.3.1/thumb/v6-m/nofp\libcr_eabihelpers.a(llong.o)
__aeabi_llsr                                      c:/nxp/mcuxpressoide_11.1.1_3241/ide/plugins/com.nxp.mcuxpresso.tools.win32_11.1.0.202001081728/tools/bin/../lib/gcc/arm-none-eabi/8.3.1/thumb/v6-m/nofp\libcr_eabihelpers.a(llong.o)
__aeabi_lmul                                      c:/nxp/mcuxpressoide_11.1.1_3241/ide/plugins/com.nxp.mcuxpresso.tools.win32_11.1.0.202001081728/tools/bin/../lib/gcc/arm-none-eabi/8.3.1/thumb/v6-m/nofp\libcr_eabihelpers.a(llong.o)
                                                  c:/nxp/mcuxpressoide_11.1.1_3241/ide/plugins/com.nxp.mcuxpresso.tools.win32_11.1.0.202001081728/tools/bin/../lib/gcc/arm-none-eabi/8.3.1/../../../../arm-none-eabi/lib/thumb/v6-m/nofp\libcr_c.a(printf.o)
                                                  ./drivers/fsl_common.o
__aeabi_lowlevel_memset                           c:/nxp/mcuxpressoide_11.1.1_3241/ide/plugins/com.nxp.mcuxpresso.tools.win32_11.1.0.202001081728/tools/bin/../lib/gcc/arm-none-eabi/8.3.1/thumb/v6-m/nofp\libcr_eabihelpers.a(memcpy.o)
                                                  c:/nxp/mcuxpressoide_11.1.1_3241/ide/plugins/com.nxp.mcuxpresso.tools.win32_11.1.0.202001081728/tools/bin/../lib/gcc/arm-none-eabi/8.3.1/../../../../arm-none-eabi/lib/thumb/v6-m/nofp\libcr_c.a(memset.o)
__aeabi_memclr                                    c:/nxp/mcuxpressoide_11.1.1_3241/ide/plugins/com.nxp.mcuxpresso.tools.win32_11.1.0.202001081728/tools/bin/../lib/gcc/arm-none-eabi/8.3.1/thumb/v6-m/nofp\libcr_eabihelpers.a(memcpy.o)
__aeabi_memclr4                                   c:/nxp/mcuxpressoide_11.1.1_3241/ide/plugins/com.nxp.mcuxpresso.tools.win32_11.1.0.202001081728/tools/bin/../lib/gcc/arm-none-eabi/8.3.1/thumb/v6-m/nofp\libcr_eabihelpers.a(memcpy.o)
__aeabi_memclr8                                   c:/nxp/mcuxpressoide_11.1.1_3241/ide/plugins/com.nxp.mcuxpresso.tools.win32_11.1.0.202001081728/tools/bin/../lib/gcc/arm-none-eabi/8.3.1/thumb/v6-m/nofp\libcr_eabihelpers.a(memcpy.o)
__aeabi_memcpy                                    c:/nxp/mcuxpressoide_11.1.1_3241/ide/plugins/com.nxp.mcuxpresso.tools.win32_11.1.0.202001081728/tools/bin/../lib/gcc/arm-none-eabi/8.3.1/thumb/v6-m/nofp\libcr_eabihelpers.a(memcpy.o)
                                                  c:/nxp/mcuxpressoide_11.1.1_3241/ide/plugins/com.nxp.mcuxpresso.tools.win32_11.1.0.202001081728/tools/bin/../lib/gcc/arm-none-eabi/8.3.1/../../../../arm-none-eabi/lib/thumb/v6-m/nofp\libcr_c.a(memcpy.o)
__aeabi_memcpy4                                   c:/nxp/mcuxpressoide_11.1.1_3241/ide/plugins/com.nxp.mcuxpresso.tools.win32_11.1.0.202001081728/tools/bin/../lib/gcc/arm-none-eabi/8.3.1/thumb/v6-m/nofp\libcr_eabihelpers.a(memcpy.o)
__aeabi_memcpy8                                   c:/nxp/mcuxpressoide_11.1.1_3241/ide/plugins/com.nxp.mcuxpresso.tools.win32_11.1.0.202001081728/tools/bin/../lib/gcc/arm-none-eabi/8.3.1/thumb/v6-m/nofp\libcr_eabihelpers.a(memcpy.o)
__aeabi_memmove                                   c:/nxp/mcuxpressoide_11.1.1_3241/ide/plugins/com.nxp.mcuxpresso.tools.win32_11.1.0.202001081728/tools/bin/../lib/gcc/arm-none-eabi/8.3.1/thumb/v6-m/nofp\libcr_eabihelpers.a(memcpy.o)
__aeabi_memmove4                                  c:/nxp/mcuxpressoide_11.1.1_3241/ide/plugins/com.nxp.mcuxpresso.tools.win32_11.1.0.202001081728/tools/bin/../lib/gcc/arm-none-eabi/8.3.1/thumb/v6-m/nofp\libcr_eabihelpers.a(memcpy.o)
__aeabi_memmove8                                  c:/nxp/mcuxpressoide_11.1.1_3241/ide/plugins/com.nxp.mcuxpresso.tools.win32_11.1.0.202001081728/tools/bin/../lib/gcc/arm-none-eabi/8.3.1/thumb/v6-m/nofp\libcr_eabihelpers.a(memcpy.o)
__aeabi_memset                                    c:/nxp/mcuxpressoide_11.1.1_3241/ide/plugins/com.nxp.mcuxpresso.tools.win32_11.1.0.202001081728/tools/bin/../lib/gcc/arm-none-eabi/8.3.1/thumb/v6-m/nofp\libcr_eabihelpers.a(memcpy.o)
__aeabi_memset4                                   c:/nxp/mcuxpressoide_11.1.1_3241/ide/plugins/com.nxp.mcuxpresso.tools.win32_11.1.0.202001081728/tools/bin/../lib/gcc/arm-none-eabi/8.3.1/thumb/v6-m/nofp\libcr_eabihelpers.a(memcpy.o)
__aeabi_memset8                                   c:/nxp/mcuxpressoide_11.1.1_3241/ide/plugins/com.nxp.mcuxpresso.tools.win32_11.1.0.202001081728/tools/bin/../lib/gcc/arm-none-eabi/8.3.1/thumb/v6-m/nofp\libcr_eabihelpers.a(memcpy.o)
__aeabi_uidiv                                     c:/nxp/mcuxpressoide_11.1.1_3241/ide/plugins/com.nxp.mcuxpresso.tools.win32_11.1.0.202001081728/tools/bin/../lib/gcc/arm-none-eabi/8.3.1/thumb/v6-m/nofp\libcr_eabihelpers.a(division_32.o)
                                                  ./device/system_LPC845.o
                                                  ./drivers/fsl_usart.o
                                                  ./drivers/fsl_clock.o
                                                  ./source/gpio_led_output.o
__aeabi_uidivmod                                  c:/nxp/mcuxpressoide_11.1.1_3241/ide/plugins/com.nxp.mcuxpresso.tools.win32_11.1.0.202001081728/tools/bin/../lib/gcc/arm-none-eabi/8.3.1/thumb/v6-m/nofp\libcr_eabihelpers.a(division_32.o)
__aeabi_ulcmp                                     c:/nxp/mcuxpressoide_11.1.1_3241/ide/plugins/com.nxp.mcuxpresso.tools.win32_11.1.0.202001081728/tools/bin/../lib/gcc/arm-none-eabi/8.3.1/thumb/v6-m/nofp\libcr_eabihelpers.a(llong.o)
__aeabi_uldivmod                                  c:/nxp/mcuxpressoide_11.1.1_3241/ide/plugins/com.nxp.mcuxpresso.tools.win32_11.1.0.202001081728/tools/bin/../lib/gcc/arm-none-eabi/8.3.1/thumb/v6-m/nofp\libcr_eabihelpers.a(division_64.o)
                                                  ./drivers/fsl_common.o
                                                  ./drivers/fsl_clock.o
__assertion_failed                                ./utilities/fsl_assert.o
                                                  ./board/clock_config.o
                                                  ./component/uart/miniusart_adapter.o
                                                  ./drivers/fsl_usart.o
                                                  ./drivers/fsl_swm.o
                                                  ./drivers/fsl_reset.o
                                                  ./drivers/fsl_power.o
                                                  ./drivers/fsl_gpio.o
                                                  ./drivers/fsl_common.o
                                                  ./drivers/fsl_clock.o
__bss_section_table_end                           ./startup/startup_lpc845.o
__check_heap_overflow                             c:/nxp/mcuxpressoide_11.1.1_3241/ide/plugins/com.nxp.mcuxpresso.tools.win32_11.1.0.202001081728/tools/bin/../lib/gcc/arm-none-eabi/8.3.1/../../../../arm-none-eabi/lib/thumb/v6-m/nofp\libcr_c.a(_cr_check_heap.o)
                                                  c:/nxp/mcuxpressoide_11.1.1_3241/ide/plugins/com.nxp.mcuxpresso.tools.win32_11.1.0.202001081728/tools/bin/../lib/gcc/arm-none-eabi/8.3.1/../../../../arm-none-eabi/lib/thumb/v6-m/nofp\libcr_c.a(_cr_sbrk.o)
__data_section_table                              ./startup/startup_lpc845.o
__data_section_table_end                          ./startup/startup_lpc845.o
__end_of_heap                                     c:/nxp/mcuxpressoide_11.1.1_3241/ide/plugins/com.nxp.mcuxpresso.tools.win32_11.1.0.202001081728/tools/bin/../lib/gcc/arm-none-eabi/8.3.1/../../../../arm-none-eabi/lib/thumb/v6-m/nofp\libcr_c.a(__init_alloc.o)
                                                  c:/nxp/mcuxpressoide_11.1.1_3241/ide/plugins/com.nxp.mcuxpresso.tools.win32_11.1.0.202001081728/tools/bin/../lib/gcc/arm-none-eabi/8.3.1/../../../../arm-none-eabi/lib/thumb/v6-m/nofp\libcr_c.a(_cr_sbrk.o)
__exit                                            c:/nxp/mcuxpressoide_11.1.1_3241/ide/plugins/com.nxp.mcuxpresso.tools.win32_11.1.0.202001081728/tools/bin/../lib/gcc/arm-none-eabi/8.3.1/../../../../arm-none-eabi/lib/thumb/v6-m/nofp\libcr_semihost_nf.a(__sys_appexit.o)
__flsbuf                                          c:/nxp/mcuxpressoide_11.1.1_3241/ide/plugins/com.nxp.mcuxpresso.tools.win32_11.1.0.202001081728/tools/bin/../lib/gcc/arm-none-eabi/8.3.1/../../../../arm-none-eabi/lib/thumb/v6-m/nofp\libcr_c.a(_deferredlazyseek.o)
                                                  c:/nxp/mcuxpressoide_11.1.1_3241/ide/plugins/com.nxp.mcuxpresso.tools.win32_11.1.0.202001081728/tools/bin/../lib/gcc/arm-none-eabi/8.3.1/../../../../arm-none-eabi/lib/thumb/v6-m/nofp\libcr_c.a(printf.o)
__heaps                                           c:/nxp/mcuxpressoide_11.1.1_3241/ide/plugins/com.nxp.mcuxpresso.tools.win32_11.1.0.202001081728/tools/bin/../lib/gcc/arm-none-eabi/8.3.1/../../../../arm-none-eabi/lib/thumb/v6-m/nofp\libcr_c.a(__init_alloc.o)
                                                  c:/nxp/mcuxpressoide_11.1.1_3241/ide/plugins/com.nxp.mcuxpresso.tools.win32_11.1.0.202001081728/tools/bin/../lib/gcc/arm-none-eabi/8.3.1/../../../../arm-none-eabi/lib/thumb/v6-m/nofp\libcr_c.a(alloc.o)
__main                                            c:/nxp/mcuxpressoide_11.1.1_3241/ide/plugins/com.nxp.mcuxpresso.tools.win32_11.1.0.202001081728/tools/bin/../lib/gcc/arm-none-eabi/8.3.1/../../../../arm-none-eabi/lib/thumb/v6-m/nofp\libcr_semihost_nf.a(_cr__main.o)
                                                  ./startup/startup_lpc845.o
__mtb_buffer__                                    ./source/mtb.o
__num_Ciob_streams                                c:/nxp/mcuxpressoide_11.1.1_3241/ide/plugins/com.nxp.mcuxpresso.tools.win32_11.1.0.202001081728/tools/bin/../lib/gcc/arm-none-eabi/8.3.1/../../../../arm-none-eabi/lib/thumb/v6-m/nofp\libcr_semihost_nf.a(__ciob.o)
                                                  c:/nxp/mcuxpressoide_11.1.1_3241/ide/plugins/com.nxp.mcuxpresso.tools.win32_11.1.0.202001081728/tools/bin/../lib/gcc/arm-none-eabi/8.3.1/../../../../arm-none-eabi/lib/thumb/v6-m/nofp\libcr_c.a(fflush.o)
                                                  c:/nxp/mcuxpressoide_11.1.1_3241/ide/plugins/com.nxp.mcuxpresso.tools.win32_11.1.0.202001081728/tools/bin/../lib/gcc/arm-none-eabi/8.3.1/../../../../arm-none-eabi/lib/thumb/v6-m/nofp\libcr_c.a(initio.o)
__sys_appexit                                     c:/nxp/mcuxpressoide_11.1.1_3241/ide/plugins/com.nxp.mcuxpresso.tools.win32_11.1.0.202001081728/tools/bin/../lib/gcc/arm-none-eabi/8.3.1/../../../../arm-none-eabi/lib/thumb/v6-m/nofp\libcr_semihost_nf.a(__sys_appexit.o)
                                                  c:/nxp/mcuxpressoide_11.1.1_3241/ide/plugins/com.nxp.mcuxpresso.tools.win32_11.1.0.202001081728/tools/bin/../lib/gcc/arm-none-eabi/8.3.1/../../../../arm-none-eabi/lib/thumb/v6-m/nofp\libcr_c.a(alloc.o)
__sys_close                                       c:/nxp/mcuxpressoide_11.1.1_3241/ide/plugins/com.nxp.mcuxpresso.tools.win32_11.1.0.202001081728/tools/bin/../lib/gcc/arm-none-eabi/8.3.1/../../../../arm-none-eabi/lib/thumb/v6-m/nofp\libcr_semihost_nf.a(__sys_close.o)
                                                  c:/nxp/mcuxpressoide_11.1.1_3241/ide/plugins/com.nxp.mcuxpresso.tools.win32_11.1.0.202001081728/tools/bin/../lib/gcc/arm-none-eabi/8.3.1/../../../../arm-none-eabi/lib/thumb/v6-m/nofp\libcr_c.a(fclose.o)
__sys_flen                                        c:/nxp/mcuxpressoide_11.1.1_3241/ide/plugins/com.nxp.mcuxpresso.tools.win32_11.1.0.202001081728/tools/bin/../lib/gcc/arm-none-eabi/8.3.1/../../../../arm-none-eabi/lib/thumb/v6-m/nofp\libcr_semihost_nf.a(__sys_flen.o)
                                                  c:/nxp/mcuxpressoide_11.1.1_3241/ide/plugins/com.nxp.mcuxpresso.tools.win32_11.1.0.202001081728/tools/bin/../lib/gcc/arm-none-eabi/8.3.1/../../../../arm-none-eabi/lib/thumb/v6-m/nofp\libcr_c.a(fseek.o)
                                                  c:/nxp/mcuxpressoide_11.1.1_3241/ide/plugins/com.nxp.mcuxpresso.tools.win32_11.1.0.202001081728/tools/bin/../lib/gcc/arm-none-eabi/8.3.1/../../../../arm-none-eabi/lib/thumb/v6-m/nofp\libcr_c.a(_writebuf.o)
__sys_istty                                       c:/nxp/mcuxpressoide_11.1.1_3241/ide/plugins/com.nxp.mcuxpresso.tools.win32_11.1.0.202001081728/tools/bin/../lib/gcc/arm-none-eabi/8.3.1/../../../../arm-none-eabi/lib/thumb/v6-m/nofp\libcr_semihost_nf.a(__sys_istty.o)
                                                  c:/nxp/mcuxpressoide_11.1.1_3241/ide/plugins/com.nxp.mcuxpresso.tools.win32_11.1.0.202001081728/tools/bin/../lib/gcc/arm-none-eabi/8.3.1/../../../../arm-none-eabi/lib/thumb/v6-m/nofp\libcr_c.a(fseek.o)
                                                  c:/nxp/mcuxpressoide_11.1.1_3241/ide/plugins/com.nxp.mcuxpresso.tools.win32_11.1.0.202001081728/tools/bin/../lib/gcc/arm-none-eabi/8.3.1/../../../../arm-none-eabi/lib/thumb/v6-m/nofp\libcr_c.a(_deferredlazyseek.o)
__sys_remove                                      c:/nxp/mcuxpressoide_11.1.1_3241/ide/plugins/com.nxp.mcuxpresso.tools.win32_11.1.0.202001081728/tools/bin/../lib/gcc/arm-none-eabi/8.3.1/../../../../arm-none-eabi/lib/thumb/v6-m/nofp\libcr_semihost_nf.a(__sys_remove.o)
                                                  c:/nxp/mcuxpressoide_11.1.1_3241/ide/plugins/com.nxp.mcuxpresso.tools.win32_11.1.0.202001081728/tools/bin/../lib/gcc/arm-none-eabi/8.3.1/../../../../arm-none-eabi/lib/thumb/v6-m/nofp\libcr_c.a(remove.o)
__sys_rename                                      c:/nxp/mcuxpressoide_11.1.1_3241/ide/plugins/com.nxp.mcuxpresso.tools.win32_11.1.0.202001081728/tools/bin/../lib/gcc/arm-none-eabi/8.3.1/../../../../arm-none-eabi/lib/thumb/v6-m/nofp\libcr_semihost_nf.a(__sys_rename.o)
                                                  c:/nxp/mcuxpressoide_11.1.1_3241/ide/plugins/com.nxp.mcuxpresso.tools.win32_11.1.0.202001081728/tools/bin/../lib/gcc/arm-none-eabi/8.3.1/../../../../arm-none-eabi/lib/thumb/v6-m/nofp\libcr_c.a(remove.o)
__sys_seek                                        c:/nxp/mcuxpressoide_11.1.1_3241/ide/plugins/com.nxp.mcuxpresso.tools.win32_11.1.0.202001081728/tools/bin/../lib/gcc/arm-none-eabi/8.3.1/../../../../arm-none-eabi/lib/thumb/v6-m/nofp\libcr_semihost_nf.a(__sys_seek.o)