core_cm0plus.h:848:22:__NVIC_SetPriority	24	static
core_cm0plus.h:1053:26:SysTick_Config	16	static
fsl_clock.h:463:20:CLOCK_Select	16	static
fsl_gpio.h:153:20:GPIO_PinWrite	24	static
fsl_gpio.h:210:20:GPIO_PortToggle	24	static
fsl_gpio.h:223:24:GPIO_PortRead	16	static
fsl_gpio.h:239:20:GPIO_PortMaskedSet	24	static
fsl_gpio.h:251:20:GPIO_PortMaskedWrite	24	static
fsl_gpio.h:264:24:GPIO_PortMaskedRead	16	static
gpio_led_output.c:14:6:SysTick_Handler	8	static
gpio_led_output.c:22:6:SysTick_DelayTicks	16	static
gpio_led_output.c:30:5:main	16	static
